[    1498ms] [LOG] Using aggregator fast-path load! @ https://adsb.lol/early_9b76ceb9d38fa1b43617dab50ce69bc1.js:444
[    1631ms] [TIMEEND] webglInit: 63.134033203125 ms @ https://adsb.lol/script_e85db8de6a42555c8a0f54150f0b8d34.js:2619
[    1674ms] [LOG] zstddec: wasm memory size increased to: 2097152 @ https://adsb.lol/libs/zstddec-tar1090-0.0.5.js:19
[    1677ms] [LOG] Selected ICAO id: e494a5 traceDate: null @ https://adsb.lol/script_e85db8de6a42555c8a0f54150f0b8d34.js:6189
[    1678ms] [LOG] SELECTING e494a5 follow: true @ https://adsb.lol/script_e85db8de6a42555c8a0f54150f0b8d34.js:4691
[    1713ms] [LOG] 19:49:22 set timers  @ https://adsb.lol/script_e85db8de6a42555c8a0f54150f0b8d34.js:2146
[    1715ms] [TIMEEND] Page Load: 231.989013671875 ms @ https://adsb.lol/script_e85db8de6a42555c8a0f54150f0b8d34.js:2403
[    1802ms] [TIMEEND] afterFirstFetch(): 3.024169921875 ms @ https://adsb.lol/script_e85db8de6a42555c8a0f54150f0b8d34.js:589
[    1985ms] [TIMEEND] first fetch(): 270.90283203125 ms @ https://adsb.lol/script_e85db8de6a42555c8a0f54150f0b8d34.js:452
[ 1730083ms] [ERROR] Failed to load resource: the server responded with a status of 429 () @ https://adsb.lol/re-api/?binCraft&zstd&find_hex=e494a5:0
[ 1730086ms] [LOG] {readyState: 4, getResponseHeader: , getAllResponseHeaders: , setRequestHeader: , overrideMimeType: } @ https://adsb.lol/script_e85db8de6a42555c8a0f54150f0b8d34.js:355
[ 1730090ms] [LOG]  @ https://adsb.lol/script_e85db8de6a42555c8a0f54150f0b8d34.js:356
[ 1733137ms] [ERROR] Failed to load resource: the server responded with a status of 429 () @ https://adsb.lol/re-api/?binCraft&zstd&find_hex=e494a5:0
[ 1733139ms] [LOG] {readyState: 4, getResponseHeader: , getAllResponseHeaders: , setRequestHeader: , overrideMimeType: } @ https://adsb.lol/script_e85db8de6a42555c8a0f54150f0b8d34.js:355
[ 1733139ms] [LOG]  @ https://adsb.lol/script_e85db8de6a42555c8a0f54150f0b8d34.js:356
[ 1736694ms] [ERROR] Failed to load resource: the server responded with a status of 429 () @ https://adsb.lol/re-api/?binCraft&zstd&find_hex=e494a5:0
[ 1736696ms] [LOG] {readyState: 4, getResponseHeader: , getAllResponseHeaders: , setRequestHeader: , overrideMimeType: } @ https://adsb.lol/script_e85db8de6a42555c8a0f54150f0b8d34.js:355
[ 1736696ms] [LOG]  @ https://adsb.lol/script_e85db8de6a42555c8a0f54150f0b8d34.js:356
[ 1739750ms] [ERROR] Failed to load resource: the server responded with a status of 429 () @ https://adsb.lol/re-api/?binCraft&zstd&find_hex=e494a5:0
[ 1739753ms] [LOG] {readyState: 4, getResponseHeader: , getAllResponseHeaders: , setRequestHeader: , overrideMimeType: } @ https://adsb.lol/script_e85db8de6a42555c8a0f54150f0b8d34.js:355
[ 1739753ms] [LOG]  @ https://adsb.lol/script_e85db8de6a42555c8a0f54150f0b8d34.js:356
[ 1743329ms] [ERROR] Failed to load resource: the server responded with a status of 429 () @ https://adsb.lol/re-api/?binCraft&zstd&find_hex=e494a5:0
[ 1743331ms] [LOG] {readyState: 4, getResponseHeader: , getAllResponseHeaders: , setRequestHeader: , overrideMimeType: } @ https://adsb.lol/script_e85db8de6a42555c8a0f54150f0b8d34.js:355
[ 1743331ms] [LOG]  @ https://adsb.lol/script_e85db8de6a42555c8a0f54150f0b8d34.js:356
[ 1746938ms] [ERROR] Failed to load resource: the server responded with a status of 429 () @ https://adsb.lol/re-api/?binCraft&zstd&find_hex=e494a5:0
[ 1746943ms] [LOG] {readyState: 4, getResponseHeader: , getAllResponseHeaders: , setRequestHeader: , overrideMimeType: } @ https://adsb.lol/script_e85db8de6a42555c8a0f54150f0b8d34.js:355
[ 1746943ms] [LOG]  @ https://adsb.lol/script_e85db8de6a42555c8a0f54150f0b8d34.js:356
[ 1750478ms] [ERROR] Failed to load resource: the server responded with a status of 429 () @ https://adsb.lol/re-api/?binCraft&zstd&find_hex=e494a5:0
[ 1750481ms] [LOG] {readyState: 4, getResponseHeader: , getAllResponseHeaders: , setRequestHeader: , overrideMimeType: } @ https://adsb.lol/script_e85db8de6a42555c8a0f54150f0b8d34.js:355
[ 1750481ms] [LOG]  @ https://adsb.lol/script_e85db8de6a42555c8a0f54150f0b8d34.js:356
[ 1754105ms] [ERROR] Failed to load resource: the server responded with a status of 429 () @ https://adsb.lol/re-api/?binCraft&zstd&find_hex=e494a5:0
[ 1754107ms] [LOG] {readyState: 4, getResponseHeader: , getAllResponseHeaders: , setRequestHeader: , overrideMimeType: } @ https://adsb.lol/script_e85db8de6a42555c8a0f54150f0b8d34.js:355
[ 1754107ms] [LOG]  @ https://adsb.lol/script_e85db8de6a42555c8a0f54150f0b8d34.js:356
[ 1757157ms] [ERROR] Failed to load resource: the server responded with a status of 429 () @ https://adsb.lol/re-api/?binCraft&zstd&find_hex=e494a5:0
[ 1757160ms] [LOG] {readyState: 4, getResponseHeader: , getAllResponseHeaders: , setRequestHeader: , overrideMimeType: } @ https://adsb.lol/script_e85db8de6a42555c8a0f54150f0b8d34.js:355
[ 1757160ms] [LOG]  @ https://adsb.lol/script_e85db8de6a42555c8a0f54150f0b8d34.js:356
[ 1760729ms] [ERROR] Failed to load resource: the server responded with a status of 429 () @ https://adsb.lol/re-api/?binCraft&zstd&find_hex=e494a5:0
[ 1760731ms] [LOG] {readyState: 4, getResponseHeader: , getAllResponseHeaders: , setRequestHeader: , overrideMimeType: } @ https://adsb.lol/script_e85db8de6a42555c8a0f54150f0b8d34.js:355
[ 1760731ms] [LOG]  @ https://adsb.lol/script_e85db8de6a42555c8a0f54150f0b8d34.js:356
[ 1764304ms] [ERROR] Failed to load resource: the server responded with a status of 429 () @ https://adsb.lol/re-api/?binCraft&zstd&find_hex=e494a5:0
[ 1764306ms] [LOG] {readyState: 4, getResponseHeader: , getAllResponseHeaders: , setRequestHeader: , overrideMimeType: } @ https://adsb.lol/script_e85db8de6a42555c8a0f54150f0b8d34.js:355
[ 1764306ms] [LOG]  @ https://adsb.lol/script_e85db8de6a42555c8a0f54150f0b8d34.js:356
[ 1767361ms] [ERROR] Failed to load resource: the server responded with a status of 429 () @ https://adsb.lol/re-api/?binCraft&zstd&find_hex=e494a5:0
[ 1767363ms] [LOG] {readyState: 4, getResponseHeader: , getAllResponseHeaders: , setRequestHeader: , overrideMimeType: } @ https://adsb.lol/script_e85db8de6a42555c8a0f54150f0b8d34.js:355
[ 1767363ms] [LOG]  @ https://adsb.lol/script_e85db8de6a42555c8a0f54150f0b8d34.js:356
[ 1770943ms] [ERROR] Failed to load resource: the server responded with a status of 429 () @ https://adsb.lol/re-api/?binCraft&zstd&find_hex=e494a5:0
[ 1770946ms] [LOG] {readyState: 4, getResponseHeader: , getAllResponseHeaders: , setRequestHeader: , overrideMimeType: } @ https://adsb.lol/script_e85db8de6a42555c8a0f54150f0b8d34.js:355
[ 1770946ms] [LOG]  @ https://adsb.lol/script_e85db8de6a42555c8a0f54150f0b8d34.js:356
[ 1773988ms] [ERROR] Failed to load resource: the server responded with a status of 429 () @ https://adsb.lol/re-api/?binCraft&zstd&find_hex=e494a5:0
[ 1773991ms] [LOG] {readyState: 4, getResponseHeader: , getAllResponseHeaders: , setRequestHeader: , overrideMimeType: } @ https://adsb.lol/script_e85db8de6a42555c8a0f54150f0b8d34.js:355
[ 1773991ms] [LOG]  @ https://adsb.lol/script_e85db8de6a42555c8a0f54150f0b8d34.js:356
[ 1777582ms] [ERROR] Failed to load resource: the server responded with a status of 429 () @ https://adsb.lol/re-api/?binCraft&zstd&find_hex=e494a5:0
[ 1777584ms] [LOG] {readyState: 4, getResponseHeader: , getAllResponseHeaders: , setRequestHeader: , overrideMimeType: } @ https://adsb.lol/script_e85db8de6a42555c8a0f54150f0b8d34.js:355
[ 1777584ms] [LOG]  @ https://adsb.lol/script_e85db8de6a42555c8a0f54150f0b8d34.js:356
[ 1781190ms] [ERROR] Failed to load resource: the server responded with a status of 429 () @ https://adsb.lol/re-api/?binCraft&zstd&find_hex=e494a5:0
[ 1781194ms] [LOG] {readyState: 4, getResponseHeader: , getAllResponseHeaders: , setRequestHeader: , overrideMimeType: } @ https://adsb.lol/script_e85db8de6a42555c8a0f54150f0b8d34.js:355
[ 1781194ms] [LOG]  @ https://adsb.lol/script_e85db8de6a42555c8a0f54150f0b8d34.js:356
[ 1785330ms] [ERROR] Failed to load resource: the server responded with a status of 429 () @ https://adsb.lol/re-api/?binCraft&zstd&find_hex=e494a5:0
[ 1785332ms] [LOG] {readyState: 4, getResponseHeader: , getAllResponseHeaders: , setRequestHeader: , overrideMimeType: } @ https://adsb.lol/script_e85db8de6a42555c8a0f54150f0b8d34.js:355
[ 1785332ms] [LOG]  @ https://adsb.lol/script_e85db8de6a42555c8a0f54150f0b8d34.js:356
[ 1788394ms] [ERROR] Failed to load resource: the server responded with a status of 429 () @ https://adsb.lol/re-api/?binCraft&zstd&find_hex=e494a5:0
[ 1788397ms] [LOG] {readyState: 4, getResponseHeader: , getAllResponseHeaders: , setRequestHeader: , overrideMimeType: } @ https://adsb.lol/script_e85db8de6a42555c8a0f54150f0b8d34.js:355
[ 1788398ms] [LOG]  @ https://adsb.lol/script_e85db8de6a42555c8a0f54150f0b8d34.js:356
[ 1791979ms] [ERROR] Failed to load resource: the server responded with a status of 429 () @ https://adsb.lol/re-api/?binCraft&zstd&find_hex=e494a5:0
[ 1791981ms] [LOG] {readyState: 4, getResponseHeader: , getAllResponseHeaders: , setRequestHeader: , overrideMimeType: } @ https://adsb.lol/script_e85db8de6a42555c8a0f54150f0b8d34.js:355
[ 1791981ms] [LOG]  @ https://adsb.lol/script_e85db8de6a42555c8a0f54150f0b8d34.js:356
[ 1795551ms] [ERROR] Failed to load resource: the server responded with a status of 429 () @ https://adsb.lol/re-api/?binCraft&zstd&find_hex=e494a5:0
[ 1795553ms] [LOG] {readyState: 4, getResponseHeader: , getAllResponseHeaders: , setRequestHeader: , overrideMimeType: } @ https://adsb.lol/script_e85db8de6a42555c8a0f54150f0b8d34.js:355
[ 1795553ms] [LOG]  @ https://adsb.lol/script_e85db8de6a42555c8a0f54150f0b8d34.js:356
[ 1799149ms] [ERROR] Failed to load resource: the server responded with a status of 429 () @ https://adsb.lol/re-api/?binCraft&zstd&find_hex=e494a5:0
[ 1799151ms] [LOG] {readyState: 4, getResponseHeader: , getAllResponseHeaders: , setRequestHeader: , overrideMimeType: } @ https://adsb.lol/script_e85db8de6a42555c8a0f54150f0b8d34.js:355
[ 1799152ms] [LOG]  @ https://adsb.lol/script_e85db8de6a42555c8a0f54150f0b8d34.js:356
[ 1802221ms] [ERROR] Failed to load resource: the server responded with a status of 429 () @ https://adsb.lol/re-api/?binCraft&zstd&find_hex=e494a5:0
[ 1802223ms] [LOG] {readyState: 4, getResponseHeader: , getAllResponseHeaders: , setRequestHeader: , overrideMimeType: } @ https://adsb.lol/script_e85db8de6a42555c8a0f54150f0b8d34.js:355
[ 1802224ms] [LOG]  @ https://adsb.lol/script_e85db8de6a42555c8a0f54150f0b8d34.js:356
[ 1805827ms] [ERROR] Failed to load resource: the server responded with a status of 429 () @ https://adsb.lol/re-api/?binCraft&zstd&find_hex=e494a5:0
[ 1805830ms] [LOG] {readyState: 4, getResponseHeader: , getAllResponseHeaders: , setRequestHeader: , overrideMimeType: } @ https://adsb.lol/script_e85db8de6a42555c8a0f54150f0b8d34.js:355
[ 1805831ms] [LOG]  @ https://adsb.lol/script_e85db8de6a42555c8a0f54150f0b8d34.js:356
[ 1809341ms] [ERROR] Failed to load resource: the server responded with a status of 429 () @ https://adsb.lol/re-api/?binCraft&zstd&find_hex=e494a5:0
[ 1809343ms] [LOG] {readyState: 4, getResponseHeader: , getAllResponseHeaders: , setRequestHeader: , overrideMimeType: } @ https://adsb.lol/script_e85db8de6a42555c8a0f54150f0b8d34.js:355
[ 1809343ms] [LOG]  @ https://adsb.lol/script_e85db8de6a42555c8a0f54150f0b8d34.js:356
[ 1812413ms] [ERROR] Failed to load resource: the server responded with a status of 429 () @ https://adsb.lol/re-api/?binCraft&zstd&find_hex=e494a5:0
[ 1812415ms] [LOG] {readyState: 4, getResponseHeader: , getAllResponseHeaders: , setRequestHeader: , overrideMimeType: } @ https://adsb.lol/script_e85db8de6a42555c8a0f54150f0b8d34.js:355
[ 1812415ms] [LOG]  @ https://adsb.lol/script_e85db8de6a42555c8a0f54150f0b8d34.js:356
[ 1815976ms] [ERROR] Failed to load resource: the server responded with a status of 429 () @ https://adsb.lol/re-api/?binCraft&zstd&find_hex=e494a5:0
[ 1815978ms] [LOG] {readyState: 4, getResponseHeader: , getAllResponseHeaders: , setRequestHeader: , overrideMimeType: } @ https://adsb.lol/script_e85db8de6a42555c8a0f54150f0b8d34.js:355
[ 1815978ms] [LOG]  @ https://adsb.lol/script_e85db8de6a42555c8a0f54150f0b8d34.js:356
[ 1819039ms] [ERROR] Failed to load resource: the server responded with a status of 429 () @ https://adsb.lol/re-api/?binCraft&zstd&find_hex=e494a5:0
[ 1819043ms] [LOG] {readyState: 4, getResponseHeader: , getAllResponseHeaders: , setRequestHeader: , overrideMimeType: } @ https://adsb.lol/script_e85db8de6a42555c8a0f54150f0b8d34.js:355
[ 1819044ms] [LOG]  @ https://adsb.lol/script_e85db8de6a42555c8a0f54150f0b8d34.js:356
[ 1822610ms] [ERROR] Failed to load resource: the server responded with a status of 429 () @ https://adsb.lol/re-api/?binCraft&zstd&find_hex=e494a5:0
[ 1822615ms] [LOG] {readyState: 4, getResponseHeader: , getAllResponseHeaders: , setRequestHeader: , overrideMimeType: } @ https://adsb.lol/script_e85db8de6a42555c8a0f54150f0b8d34.js:355
[ 1822615ms] [LOG]  @ https://adsb.lol/script_e85db8de6a42555c8a0f54150f0b8d34.js:356
[ 1826242ms] [ERROR] Failed to load resource: the server responded with a status of 429 () @ https://adsb.lol/re-api/?binCraft&zstd&find_hex=e494a5:0
[ 1826244ms] [LOG] {readyState: 4, getResponseHeader: , getAllResponseHeaders: , setRequestHeader: , overrideMimeType: } @ https://adsb.lol/script_e85db8de6a42555c8a0f54150f0b8d34.js:355
[ 1826244ms] [LOG]  @ https://adsb.lol/script_e85db8de6a42555c8a0f54150f0b8d34.js:356
[ 1829807ms] [ERROR] Failed to load resource: the server responded with a status of 429 () @ https://adsb.lol/re-api/?binCraft&zstd&find_hex=e494a5:0
[ 1829809ms] [LOG] {readyState: 4, getResponseHeader: , getAllResponseHeaders: , setRequestHeader: , overrideMimeType: } @ https://adsb.lol/script_e85db8de6a42555c8a0f54150f0b8d34.js:355
[ 1829810ms] [LOG]  @ https://adsb.lol/script_e85db8de6a42555c8a0f54150f0b8d34.js:356
[ 1832841ms] [ERROR] Failed to load resource: the server responded with a status of 429 () @ https://adsb.lol/re-api/?binCraft&zstd&find_hex=e494a5:0
[ 1832844ms] [LOG] {readyState: 4, getResponseHeader: , getAllResponseHeaders: , setRequestHeader: , overrideMimeType: } @ https://adsb.lol/script_e85db8de6a42555c8a0f54150f0b8d34.js:355
[ 1832844ms] [LOG]  @ https://adsb.lol/script_e85db8de6a42555c8a0f54150f0b8d34.js:356
[ 1836421ms] [ERROR] Failed to load resource: the server responded with a status of 429 () @ https://adsb.lol/re-api/?binCraft&zstd&find_hex=e494a5:0
[ 1836423ms] [LOG] {readyState: 4, getResponseHeader: , getAllResponseHeaders: , setRequestHeader: , overrideMimeType: } @ https://adsb.lol/script_e85db8de6a42555c8a0f54150f0b8d34.js:355
[ 1836423ms] [LOG]  @ https://adsb.lol/script_e85db8de6a42555c8a0f54150f0b8d34.js:356
[ 1839973ms] [ERROR] Failed to load resource: the server responded with a status of 429 () @ https://adsb.lol/re-api/?binCraft&zstd&find_hex=e494a5:0
[ 1839976ms] [LOG] {readyState: 4, getResponseHeader: , getAllResponseHeaders: , setRequestHeader: , overrideMimeType: } @ https://adsb.lol/script_e85db8de6a42555c8a0f54150f0b8d34.js:355
[ 1839976ms] [LOG]  @ https://adsb.lol/script_e85db8de6a42555c8a0f54150f0b8d34.js:356
[ 1843048ms] [ERROR] Failed to load resource: the server responded with a status of 429 () @ https://adsb.lol/re-api/?binCraft&zstd&find_hex=e494a5:0
[ 1843049ms] [LOG] {readyState: 4, getResponseHeader: , getAllResponseHeaders: , setRequestHeader: , overrideMimeType: } @ https://adsb.lol/script_e85db8de6a42555c8a0f54150f0b8d34.js:355
[ 1843050ms] [LOG]  @ https://adsb.lol/script_e85db8de6a42555c8a0f54150f0b8d34.js:356
[ 1846598ms] [ERROR] Failed to load resource: the server responded with a status of 429 () @ https://adsb.lol/re-api/?binCraft&zstd&find_hex=e494a5:0
[ 1846600ms] [LOG] {readyState: 4, getResponseHeader: , getAllResponseHeaders: , setRequestHeader: , overrideMimeType: } @ https://adsb.lol/script_e85db8de6a42555c8a0f54150f0b8d34.js:355
[ 1846600ms] [LOG]  @ https://adsb.lol/script_e85db8de6a42555c8a0f54150f0b8d34.js:356
[ 1849661ms] [ERROR] Failed to load resource: the server responded with a status of 429 () @ https://adsb.lol/re-api/?binCraft&zstd&find_hex=e494a5:0
[ 1849664ms] [LOG] {readyState: 4, getResponseHeader: , getAllResponseHeaders: , setRequestHeader: , overrideMimeType: } @ https://adsb.lol/script_e85db8de6a42555c8a0f54150f0b8d34.js:355
[ 1849664ms] [LOG]  @ https://adsb.lol/script_e85db8de6a42555c8a0f54150f0b8d34.js:356
[ 1853230ms] [ERROR] Failed to load resource: the server responded with a status of 429 () @ https://adsb.lol/re-api/?binCraft&zstd&find_hex=e494a5:0
[ 1853232ms] [LOG] {readyState: 4, getResponseHeader: , getAllResponseHeaders: , setRequestHeader: , overrideMimeType: } @ https://adsb.lol/script_e85db8de6a42555c8a0f54150f0b8d34.js:355
[ 1853232ms] [LOG]  @ https://adsb.lol/script_e85db8de6a42555c8a0f54150f0b8d34.js:356
[ 1856806ms] [ERROR] Failed to load resource: the server responded with a status of 429 () @ https://adsb.lol/re-api/?binCraft&zstd&find_hex=e494a5:0
[ 1856808ms] [LOG] {readyState: 4, getResponseHeader: , getAllResponseHeaders: , setRequestHeader: , overrideMimeType: } @ https://adsb.lol/script_e85db8de6a42555c8a0f54150f0b8d34.js:355
[ 1856808ms] [LOG]  @ https://adsb.lol/script_e85db8de6a42555c8a0f54150f0b8d34.js:356
[ 1859865ms] [ERROR] Failed to load resource: the server responded with a status of 429 () @ https://adsb.lol/re-api/?binCraft&zstd&find_hex=e494a5:0
[ 1859868ms] [LOG] {readyState: 4, getResponseHeader: , getAllResponseHeaders: , setRequestHeader: , overrideMimeType: } @ https://adsb.lol/script_e85db8de6a42555c8a0f54150f0b8d34.js:355
[ 1859868ms] [LOG]  @ https://adsb.lol/script_e85db8de6a42555c8a0f54150f0b8d34.js:356
[ 1863436ms] [ERROR] Failed to load resource: the server responded with a status of 429 () @ https://adsb.lol/re-api/?binCraft&zstd&find_hex=e494a5:0
[ 1863438ms] [LOG] {readyState: 4, getResponseHeader: , getAllResponseHeaders: , setRequestHeader: , overrideMimeType: } @ https://adsb.lol/script_e85db8de6a42555c8a0f54150f0b8d34.js:355
[ 1863439ms] [LOG]  @ https://adsb.lol/script_e85db8de6a42555c8a0f54150f0b8d34.js:356
[ 1867003ms] [ERROR] Failed to load resource: the server responded with a status of 429 () @ https://adsb.lol/re-api/?binCraft&zstd&find_hex=e494a5:0
[ 1867005ms] [LOG] {readyState: 4, getResponseHeader: , getAllResponseHeaders: , setRequestHeader: , overrideMimeType: } @ https://adsb.lol/script_e85db8de6a42555c8a0f54150f0b8d34.js:355
[ 1867005ms] [LOG]  @ https://adsb.lol/script_e85db8de6a42555c8a0f54150f0b8d34.js:356
[ 1870073ms] [ERROR] Failed to load resource: the server responded with a status of 429 () @ https://adsb.lol/re-api/?binCraft&zstd&find_hex=e494a5:0
[ 1870075ms] [LOG] {readyState: 4, getResponseHeader: , getAllResponseHeaders: , setRequestHeader: , overrideMimeType: } @ https://adsb.lol/script_e85db8de6a42555c8a0f54150f0b8d34.js:355
[ 1870075ms] [LOG]  @ https://adsb.lol/script_e85db8de6a42555c8a0f54150f0b8d34.js:356
[ 1873649ms] [ERROR] Failed to load resource: the server responded with a status of 429 () @ https://adsb.lol/re-api/?binCraft&zstd&find_hex=e494a5:0
[ 1873652ms] [LOG] {readyState: 4, getResponseHeader: , getAllResponseHeaders: , setRequestHeader: , overrideMimeType: } @ https://adsb.lol/script_e85db8de6a42555c8a0f54150f0b8d34.js:355
[ 1873652ms] [LOG]  @ https://adsb.lol/script_e85db8de6a42555c8a0f54150f0b8d34.js:356
[ 1877269ms] [ERROR] Failed to load resource: the server responded with a status of 429 () @ https://adsb.lol/re-api/?binCraft&zstd&find_hex=e494a5:0
[ 1877271ms] [LOG] {readyState: 4, getResponseHeader: , getAllResponseHeaders: , setRequestHeader: , overrideMimeType: } @ https://adsb.lol/script_e85db8de6a42555c8a0f54150f0b8d34.js:355
[ 1877271ms] [LOG]  @ https://adsb.lol/script_e85db8de6a42555c8a0f54150f0b8d34.js:356
[ 1880855ms] [ERROR] Failed to load resource: the server responded with a status of 429 () @ https://adsb.lol/re-api/?binCraft&zstd&find_hex=e494a5:0
[ 1880857ms] [LOG] {readyState: 4, getResponseHeader: , getAllResponseHeaders: , setRequestHeader: , overrideMimeType: } @ https://adsb.lol/script_e85db8de6a42555c8a0f54150f0b8d34.js:355
[ 1880857ms] [LOG]  @ https://adsb.lol/script_e85db8de6a42555c8a0f54150f0b8d34.js:356
[ 1884424ms] [ERROR] Failed to load resource: the server responded with a status of 429 () @ https://adsb.lol/re-api/?binCraft&zstd&find_hex=e494a5:0
[ 1884426ms] [LOG] {readyState: 4, getResponseHeader: , getAllResponseHeaders: , setRequestHeader: , overrideMimeType: } @ https://adsb.lol/script_e85db8de6a42555c8a0f54150f0b8d34.js:355
[ 1884426ms] [LOG]  @ https://adsb.lol/script_e85db8de6a42555c8a0f54150f0b8d34.js:356
[ 1888050ms] [ERROR] Failed to load resource: the server responded with a status of 429 () @ https://adsb.lol/re-api/?binCraft&zstd&find_hex=e494a5:0
[ 1888053ms] [LOG] {readyState: 4, getResponseHeader: , getAllResponseHeaders: , setRequestHeader: , overrideMimeType: } @ https://adsb.lol/script_e85db8de6a42555c8a0f54150f0b8d34.js:355
[ 1888053ms] [LOG]  @ https://adsb.lol/script_e85db8de6a42555c8a0f54150f0b8d34.js:356
[ 1891106ms] [ERROR] Failed to load resource: the server responded with a status of 429 () @ https://adsb.lol/re-api/?binCraft&zstd&find_hex=e494a5:0
[ 1891109ms] [LOG] {readyState: 4, getResponseHeader: , getAllResponseHeaders: , setRequestHeader: , overrideMimeType: } @ https://adsb.lol/script_e85db8de6a42555c8a0f54150f0b8d34.js:355
[ 1891110ms] [LOG]  @ https://adsb.lol/script_e85db8de6a42555c8a0f54150f0b8d34.js:356
[ 1894652ms] [ERROR] Failed to load resource: the server responded with a status of 429 () @ https://adsb.lol/re-api/?binCraft&zstd&find_hex=e494a5:0
[ 1894654ms] [LOG] {readyState: 4, getResponseHeader: , getAllResponseHeaders: , setRequestHeader: , overrideMimeType: } @ https://adsb.lol/script_e85db8de6a42555c8a0f54150f0b8d34.js:355
[ 1894655ms] [LOG]  @ https://adsb.lol/script_e85db8de6a42555c8a0f54150f0b8d34.js:356
[ 1897700ms] [ERROR] Failed to load resource: the server responded with a status of 429 () @ https://adsb.lol/re-api/?binCraft&zstd&find_hex=e494a5:0
[ 1897703ms] [LOG] {readyState: 4, getResponseHeader: , getAllResponseHeaders: , setRequestHeader: , overrideMimeType: } @ https://adsb.lol/script_e85db8de6a42555c8a0f54150f0b8d34.js:355
[ 1897703ms] [LOG]  @ https://adsb.lol/script_e85db8de6a42555c8a0f54150f0b8d34.js:356
[ 1901273ms] [ERROR] Failed to load resource: the server responded with a status of 429 () @ https://adsb.lol/re-api/?binCraft&zstd&find_hex=e494a5:0
[ 1901275ms] [LOG] {readyState: 4, getResponseHeader: , getAllResponseHeaders: , setRequestHeader: , overrideMimeType: } @ https://adsb.lol/script_e85db8de6a42555c8a0f54150f0b8d34.js:355
[ 1901275ms] [LOG]  @ https://adsb.lol/script_e85db8de6a42555c8a0f54150f0b8d34.js:356
[ 1904852ms] [ERROR] Failed to load resource: the server responded with a status of 429 () @ https://adsb.lol/re-api/?binCraft&zstd&find_hex=e494a5:0
[ 1904854ms] [LOG] {readyState: 4, getResponseHeader: , getAllResponseHeaders: , setRequestHeader: , overrideMimeType: } @ https://adsb.lol/script_e85db8de6a42555c8a0f54150f0b8d34.js:355
[ 1904854ms] [LOG]  @ https://adsb.lol/script_e85db8de6a42555c8a0f54150f0b8d34.js:356
[ 1907914ms] [ERROR] Failed to load resource: the server responded with a status of 429 () @ https://adsb.lol/re-api/?binCraft&zstd&find_hex=e494a5:0
[ 1907916ms] [LOG] {readyState: 4, getResponseHeader: , getAllResponseHeaders: , setRequestHeader: , overrideMimeType: } @ https://adsb.lol/script_e85db8de6a42555c8a0f54150f0b8d34.js:355
[ 1907916ms] [LOG]  @ https://adsb.lol/script_e85db8de6a42555c8a0f54150f0b8d34.js:356
[ 1911497ms] [ERROR] Failed to load resource: the server responded with a status of 429 () @ https://adsb.lol/re-api/?binCraft&zstd&find_hex=e494a5:0
[ 1911504ms] [LOG] {readyState: 4, getResponseHeader: , getAllResponseHeaders: , setRequestHeader: , overrideMimeType: } @ https://adsb.lol/script_e85db8de6a42555c8a0f54150f0b8d34.js:355
[ 1911504ms] [LOG]  @ https://adsb.lol/script_e85db8de6a42555c8a0f54150f0b8d34.js:356
[ 1915078ms] [ERROR] Failed to load resource: the server responded with a status of 429 () @ https://adsb.lol/re-api/?binCraft&zstd&find_hex=e494a5:0
[ 1915080ms] [LOG] {readyState: 4, getResponseHeader: , getAllResponseHeaders: , setRequestHeader: , overrideMimeType: } @ https://adsb.lol/script_e85db8de6a42555c8a0f54150f0b8d34.js:355
[ 1915081ms] [LOG]  @ https://adsb.lol/script_e85db8de6a42555c8a0f54150f0b8d34.js:356
[ 1918150ms] [ERROR] Failed to load resource: the server responded with a status of 429 () @ https://adsb.lol/re-api/?binCraft&zstd&find_hex=e494a5:0
[ 1918152ms] [LOG] {readyState: 4, getResponseHeader: , getAllResponseHeaders: , setRequestHeader: , overrideMimeType: } @ https://adsb.lol/script_e85db8de6a42555c8a0f54150f0b8d34.js:355
[ 1918153ms] [LOG]  @ https://adsb.lol/script_e85db8de6a42555c8a0f54150f0b8d34.js:356
[ 1921721ms] [ERROR] Failed to load resource: the server responded with a status of 429 () @ https://adsb.lol/re-api/?binCraft&zstd&find_hex=e494a5:0
[ 1921722ms] [LOG] {readyState: 4, getResponseHeader: , getAllResponseHeaders: , setRequestHeader: , overrideMimeType: } @ https://adsb.lol/script_e85db8de6a42555c8a0f54150f0b8d34.js:355
[ 1921722ms] [LOG]  @ https://adsb.lol/script_e85db8de6a42555c8a0f54150f0b8d34.js:356
[ 1925285ms] [ERROR] Failed to load resource: the server responded with a status of 429 () @ https://adsb.lol/re-api/?binCraft&zstd&find_hex=e494a5:0
[ 1925287ms] [LOG] {readyState: 4, getResponseHeader: , getAllResponseHeaders: , setRequestHeader: , overrideMimeType: } @ https://adsb.lol/script_e85db8de6a42555c8a0f54150f0b8d34.js:355
[ 1925287ms] [LOG]  @ https://adsb.lol/script_e85db8de6a42555c8a0f54150f0b8d34.js:356
[ 1928345ms] [ERROR] Failed to load resource: the server responded with a status of 429 () @ https://adsb.lol/re-api/?binCraft&zstd&find_hex=e494a5:0
[ 1928347ms] [LOG] {readyState: 4, getResponseHeader: , getAllResponseHeaders: , setRequestHeader: , overrideMimeType: } @ https://adsb.lol/script_e85db8de6a42555c8a0f54150f0b8d34.js:355
[ 1928347ms] [LOG]  @ https://adsb.lol/script_e85db8de6a42555c8a0f54150f0b8d34.js:356
[ 1931907ms] [ERROR] Failed to load resource: the server responded with a status of 429 () @ https://adsb.lol/re-api/?binCraft&zstd&find_hex=e494a5:0
[ 1931908ms] [LOG] {readyState: 4, getResponseHeader: , getAllResponseHeaders: , setRequestHeader: , overrideMimeType: } @ https://adsb.lol/script_e85db8de6a42555c8a0f54150f0b8d34.js:355
[ 1931908ms] [LOG]  @ https://adsb.lol/script_e85db8de6a42555c8a0f54150f0b8d34.js:356
[ 1935487ms] [ERROR] Failed to load resource: the server responded with a status of 429 () @ https://adsb.lol/re-api/?binCraft&zstd&find_hex=e494a5:0
[ 1935489ms] [LOG] {readyState: 4, getResponseHeader: , getAllResponseHeaders: , setRequestHeader: , overrideMimeType: } @ https://adsb.lol/script_e85db8de6a42555c8a0f54150f0b8d34.js:355
[ 1935490ms] [LOG]  @ https://adsb.lol/script_e85db8de6a42555c8a0f54150f0b8d34.js:356
[ 1938527ms] [ERROR] Failed to load resource: the server responded with a status of 429 () @ https://adsb.lol/re-api/?binCraft&zstd&find_hex=e494a5:0
[ 1938529ms] [LOG] {readyState: 4, getResponseHeader: , getAllResponseHeaders: , setRequestHeader: , overrideMimeType: } @ https://adsb.lol/script_e85db8de6a42555c8a0f54150f0b8d34.js:355
[ 1938530ms] [LOG]  @ https://adsb.lol/script_e85db8de6a42555c8a0f54150f0b8d34.js:356
[ 1942106ms] [ERROR] Failed to load resource: the server responded with a status of 429 () @ https://adsb.lol/re-api/?binCraft&zstd&find_hex=e494a5:0
[ 1942108ms] [LOG] {readyState: 4, getResponseHeader: , getAllResponseHeaders: , setRequestHeader: , overrideMimeType: } @ https://adsb.lol/script_e85db8de6a42555c8a0f54150f0b8d34.js:355
[ 1942108ms] [LOG]  @ https://adsb.lol/script_e85db8de6a42555c8a0f54150f0b8d34.js:356
[ 1945172ms] [ERROR] Failed to load resource: the server responded with a status of 429 () @ https://adsb.lol/re-api/?binCraft&zstd&find_hex=e494a5:0
[ 1945174ms] [LOG] {readyState: 4, getResponseHeader: , getAllResponseHeaders: , setRequestHeader: , overrideMimeType: } @ https://adsb.lol/script_e85db8de6a42555c8a0f54150f0b8d34.js:355
[ 1945174ms] [LOG]  @ https://adsb.lol/script_e85db8de6a42555c8a0f54150f0b8d34.js:356
[ 1948744ms] [ERROR] Failed to load resource: the server responded with a status of 429 () @ https://adsb.lol/re-api/?binCraft&zstd&find_hex=e494a5:0
[ 1948747ms] [LOG] {readyState: 4, getResponseHeader: , getAllResponseHeaders: , setRequestHeader: , overrideMimeType: } @ https://adsb.lol/script_e85db8de6a42555c8a0f54150f0b8d34.js:355
[ 1948748ms] [LOG]  @ https://adsb.lol/script_e85db8de6a42555c8a0f54150f0b8d34.js:356
[ 1952307ms] [ERROR] Failed to load resource: the server responded with a status of 429 () @ https://adsb.lol/re-api/?binCraft&zstd&find_hex=e494a5:0
[ 1952309ms] [LOG] {readyState: 4, getResponseHeader: , getAllResponseHeaders: , setRequestHeader: , overrideMimeType: } @ https://adsb.lol/script_e85db8de6a42555c8a0f54150f0b8d34.js:355
[ 1952309ms] [LOG]  @ https://adsb.lol/script_e85db8de6a42555c8a0f54150f0b8d34.js:356
[ 1955365ms] [ERROR] Failed to load resource: the server responded with a status of 429 () @ https://adsb.lol/re-api/?binCraft&zstd&find_hex=e494a5:0
[ 1955367ms] [LOG] {readyState: 4, getResponseHeader: , getAllResponseHeaders: , setRequestHeader: , overrideMimeType: } @ https://adsb.lol/script_e85db8de6a42555c8a0f54150f0b8d34.js:355
[ 1955367ms] [LOG]  @ https://adsb.lol/script_e85db8de6a42555c8a0f54150f0b8d34.js:356
[ 1958942ms] [ERROR] Failed to load resource: the server responded with a status of 429 () @ https://adsb.lol/re-api/?binCraft&zstd&find_hex=e494a5:0
[ 1958943ms] [LOG] {readyState: 4, getResponseHeader: , getAllResponseHeaders: , setRequestHeader: , overrideMimeType: } @ https://adsb.lol/script_e85db8de6a42555c8a0f54150f0b8d34.js:355
[ 1958943ms] [LOG]  @ https://adsb.lol/script_e85db8de6a42555c8a0f54150f0b8d34.js:356
[ 1961990ms] [ERROR] Failed to load resource: the server responded with a status of 429 () @ https://adsb.lol/re-api/?binCraft&zstd&find_hex=e494a5:0
[ 1961991ms] [LOG] {readyState: 4, getResponseHeader: , getAllResponseHeaders: , setRequestHeader: , overrideMimeType: } @ https://adsb.lol/script_e85db8de6a42555c8a0f54150f0b8d34.js:355
[ 1961991ms] [LOG]  @ https://adsb.lol/script_e85db8de6a42555c8a0f54150f0b8d34.js:356
[ 1965576ms] [ERROR] Failed to load resource: the server responded with a status of 429 () @ https://adsb.lol/re-api/?binCraft&zstd&find_hex=e494a5:0
[ 1965578ms] [LOG] {readyState: 4, getResponseHeader: , getAllResponseHeaders: , setRequestHeader: , overrideMimeType: } @ https://adsb.lol/script_e85db8de6a42555c8a0f54150f0b8d34.js:355
[ 1965578ms] [LOG]  @ https://adsb.lol/script_e85db8de6a42555c8a0f54150f0b8d34.js:356
[ 1969201ms] [ERROR] Failed to load resource: the server responded with a status of 429 () @ https://adsb.lol/re-api/?binCraft&zstd&find_hex=e494a5:0
[ 1969204ms] [LOG] {readyState: 4, getResponseHeader: , getAllResponseHeaders: , setRequestHeader: , overrideMimeType: } @ https://adsb.lol/script_e85db8de6a42555c8a0f54150f0b8d34.js:355
[ 1969204ms] [LOG]  @ https://adsb.lol/script_e85db8de6a42555c8a0f54150f0b8d34.js:356
[ 1972779ms] [ERROR] Failed to load resource: the server responded with a status of 429 () @ https://adsb.lol/re-api/?binCraft&zstd&find_hex=e494a5:0
[ 1972780ms] [LOG] {readyState: 4, getResponseHeader: , getAllResponseHeaders: , setRequestHeader: , overrideMimeType: } @ https://adsb.lol/script_e85db8de6a42555c8a0f54150f0b8d34.js:355
[ 1972781ms] [LOG]  @ https://adsb.lol/script_e85db8de6a42555c8a0f54150f0b8d34.js:356
[ 1976348ms] [ERROR] Failed to load resource: the server responded with a status of 429 () @ https://adsb.lol/re-api/?binCraft&zstd&find_hex=e494a5:0
[ 1976350ms] [LOG] {readyState: 4, getResponseHeader: , getAllResponseHeaders: , setRequestHeader: , overrideMimeType: } @ https://adsb.lol/script_e85db8de6a42555c8a0f54150f0b8d34.js:355
[ 1976350ms] [LOG]  @ https://adsb.lol/script_e85db8de6a42555c8a0f54150f0b8d34.js:356
[ 1979406ms] [ERROR] Failed to load resource: the server responded with a status of 429 () @ https://adsb.lol/re-api/?binCraft&zstd&find_hex=e494a5:0
[ 1979408ms] [LOG] {readyState: 4, getResponseHeader: , getAllResponseHeaders: , setRequestHeader: , overrideMimeType: } @ https://adsb.lol/script_e85db8de6a42555c8a0f54150f0b8d34.js:355
[ 1979408ms] [LOG]  @ https://adsb.lol/script_e85db8de6a42555c8a0f54150f0b8d34.js:356
[ 1982968ms] [ERROR] Failed to load resource: the server responded with a status of 429 () @ https://adsb.lol/re-api/?binCraft&zstd&find_hex=e494a5:0
[ 1982970ms] [LOG] {readyState: 4, getResponseHeader: , getAllResponseHeaders: , setRequestHeader: , overrideMimeType: } @ https://adsb.lol/script_e85db8de6a42555c8a0f54150f0b8d34.js:355
[ 1982970ms] [LOG]  @ https://adsb.lol/script_e85db8de6a42555c8a0f54150f0b8d34.js:356
[ 1986589ms] [ERROR] Failed to load resource: the server responded with a status of 429 () @ https://adsb.lol/re-api/?binCraft&zstd&find_hex=e494a5:0
[ 1986591ms] [LOG] {readyState: 4, getResponseHeader: , getAllResponseHeaders: , setRequestHeader: , overrideMimeType: } @ https://adsb.lol/script_e85db8de6a42555c8a0f54150f0b8d34.js:355
[ 1986591ms] [LOG]  @ https://adsb.lol/script_e85db8de6a42555c8a0f54150f0b8d34.js:356
[ 1990162ms] [ERROR] Failed to load resource: the server responded with a status of 429 () @ https://adsb.lol/re-api/?binCraft&zstd&find_hex=e494a5:0
[ 1990164ms] [LOG] {readyState: 4, getResponseHeader: , getAllResponseHeaders: , setRequestHeader: , overrideMimeType: } @ https://adsb.lol/script_e85db8de6a42555c8a0f54150f0b8d34.js:355
[ 1990164ms] [LOG]  @ https://adsb.lol/script_e85db8de6a42555c8a0f54150f0b8d34.js:356
[ 1993224ms] [ERROR] Failed to load resource: the server responded with a status of 429 () @ https://adsb.lol/re-api/?binCraft&zstd&find_hex=e494a5:0
[ 1993226ms] [LOG] {readyState: 4, getResponseHeader: , getAllResponseHeaders: , setRequestHeader: , overrideMimeType: } @ https://adsb.lol/script_e85db8de6a42555c8a0f54150f0b8d34.js:355
[ 1993226ms] [LOG]  @ https://adsb.lol/script_e85db8de6a42555c8a0f54150f0b8d34.js:356
[ 1996803ms] [ERROR] Failed to load resource: the server responded with a status of 429 () @ https://adsb.lol/re-api/?binCraft&zstd&find_hex=e494a5:0
[ 1996804ms] [LOG] {readyState: 4, getResponseHeader: , getAllResponseHeaders: , setRequestHeader: , overrideMimeType: } @ https://adsb.lol/script_e85db8de6a42555c8a0f54150f0b8d34.js:355
[ 1996805ms] [LOG]  @ https://adsb.lol/script_e85db8de6a42555c8a0f54150f0b8d34.js:356
[ 2000370ms] [ERROR] Failed to load resource: the server responded with a status of 429 () @ https://adsb.lol/re-api/?binCraft&zstd&find_hex=e494a5:0
[ 2000372ms] [LOG] {readyState: 4, getResponseHeader: , getAllResponseHeaders: , setRequestHeader: , overrideMimeType: } @ https://adsb.lol/script_e85db8de6a42555c8a0f54150f0b8d34.js:355
[ 2000373ms] [LOG]  @ https://adsb.lol/script_e85db8de6a42555c8a0f54150f0b8d34.js:356
[ 2004006ms] [ERROR] Failed to load resource: the server responded with a status of 429 () @ https://adsb.lol/re-api/?binCraft&zstd&find_hex=e494a5:0
[ 2004008ms] [LOG] {readyState: 4, getResponseHeader: , getAllResponseHeaders: , setRequestHeader: , overrideMimeType: } @ https://adsb.lol/script_e85db8de6a42555c8a0f54150f0b8d34.js:355
[ 2004008ms] [LOG]  @ https://adsb.lol/script_e85db8de6a42555c8a0f54150f0b8d34.js:356
[ 2007582ms] [ERROR] Failed to load resource: the server responded with a status of 429 () @ https://adsb.lol/re-api/?binCraft&zstd&find_hex=e494a5:0
[ 2007584ms] [LOG] {readyState: 4, getResponseHeader: , getAllResponseHeaders: , setRequestHeader: , overrideMimeType: } @ https://adsb.lol/script_e85db8de6a42555c8a0f54150f0b8d34.js:355
[ 2007584ms] [LOG]  @ https://adsb.lol/script_e85db8de6a42555c8a0f54150f0b8d34.js:356
[ 2010638ms] [ERROR] Failed to load resource: the server responded with a status of 429 () @ https://adsb.lol/re-api/?binCraft&zstd&find_hex=e494a5:0
[ 2010640ms] [LOG] {readyState: 4, getResponseHeader: , getAllResponseHeaders: , setRequestHeader: , overrideMimeType: } @ https://adsb.lol/script_e85db8de6a42555c8a0f54150f0b8d34.js:355
[ 2010641ms] [LOG]  @ https://adsb.lol/script_e85db8de6a42555c8a0f54150f0b8d34.js:356
[ 2014218ms] [ERROR] Failed to load resource: the server responded with a status of 429 () @ https://adsb.lol/re-api/?binCraft&zstd&find_hex=e494a5:0
[ 2014220ms] [LOG] {readyState: 4, getResponseHeader: , getAllResponseHeaders: , setRequestHeader: , overrideMimeType: } @ https://adsb.lol/script_e85db8de6a42555c8a0f54150f0b8d34.js:355
[ 2014221ms] [LOG]  @ https://adsb.lol/script_e85db8de6a42555c8a0f54150f0b8d34.js:356
[ 2128240ms] [LOG] {readyState: 0, getResponseHeader: , getAllResponseHeaders: , setRequestHeader: , overrideMimeType: } @ https://adsb.lol/script_e85db8de6a42555c8a0f54150f0b8d34.js:355
[ 2128240ms] [LOG] Can't connect to server, check your network! @ https://adsb.lol/script_e85db8de6a42555c8a0f54150f0b8d34.js:356
[ 5179607ms] [LOG] {readyState: 0, getResponseHeader: , getAllResponseHeaders: , setRequestHeader: , overrideMimeType: } @ https://adsb.lol/script_e85db8de6a42555c8a0f54150f0b8d34.js:355
[ 5179610ms] [LOG] Can't connect to server, check your network! @ https://adsb.lol/script_e85db8de6a42555c8a0f54150f0b8d34.js:356
[ 5546425ms] [LOG] {readyState: 0, getResponseHeader: , getAllResponseHeaders: , setRequestHeader: , overrideMimeType: } @ https://adsb.lol/script_e85db8de6a42555c8a0f54150f0b8d34.js:355
[ 5546425ms] [LOG] Can't connect to server, check your network! @ https://adsb.lol/script_e85db8de6a42555c8a0f54150f0b8d34.js:356
[ 7616012ms] [LOG] {readyState: 0, getResponseHeader: , getAllResponseHeaders: , setRequestHeader: , overrideMimeType: } @ https://adsb.lol/script_e85db8de6a42555c8a0f54150f0b8d34.js:355
[ 7616014ms] [LOG] Can't connect to server, check your network! @ https://adsb.lol/script_e85db8de6a42555c8a0f54150f0b8d34.js:356
[32487251ms] [LOG] {readyState: 0, getResponseHeader: , getAllResponseHeaders: , setRequestHeader: , overrideMimeType: } @ https://adsb.lol/script_e85db8de6a42555c8a0f54150f0b8d34.js:355
[32487253ms] [LOG] Can't connect to server, check your network! @ https://adsb.lol/script_e85db8de6a42555c8a0f54150f0b8d34.js:356
[33015376ms] [LOG] {readyState: 0, getResponseHeader: , getAllResponseHeaders: , setRequestHeader: , overrideMimeType: } @ https://adsb.lol/script_e85db8de6a42555c8a0f54150f0b8d34.js:355
[33015376ms] [LOG] Can't connect to server, check your network! @ https://adsb.lol/script_e85db8de6a42555c8a0f54150f0b8d34.js:356
[33082576ms] [LOG] {readyState: 0, getResponseHeader: , getAllResponseHeaders: , setRequestHeader: , overrideMimeType: } @ https://adsb.lol/script_e85db8de6a42555c8a0f54150f0b8d34.js:355
[33082577ms] [LOG] Can't connect to server, check your network! @ https://adsb.lol/script_e85db8de6a42555c8a0f54150f0b8d34.js:356
[35362514ms] [LOG] {readyState: 0, getResponseHeader: , getAllResponseHeaders: , setRequestHeader: , overrideMimeType: } @ https://adsb.lol/script_e85db8de6a42555c8a0f54150f0b8d34.js:355
[35362515ms] [LOG] Can't connect to server, check your network! @ https://adsb.lol/script_e85db8de6a42555c8a0f54150f0b8d34.js:356
[35609328ms] [LOG] {readyState: 0, getResponseHeader: , getAllResponseHeaders: , setRequestHeader: , overrideMimeType: } @ https://adsb.lol/script_e85db8de6a42555c8a0f54150f0b8d34.js:355
[35609328ms] [LOG] Can't connect to server, check your network! @ https://adsb.lol/script_e85db8de6a42555c8a0f54150f0b8d34.js:356
[41148222ms] [LOG] {readyState: 0, getResponseHeader: , getAllResponseHeaders: , setRequestHeader: , overrideMimeType: } @ https://adsb.lol/script_e85db8de6a42555c8a0f54150f0b8d34.js:355
[41148222ms] [LOG] Can't connect to server, check your network! @ https://adsb.lol/script_e85db8de6a42555c8a0f54150f0b8d34.js:356
[42271078ms] [LOG] {readyState: 0, getResponseHeader: , getAllResponseHeaders: , setRequestHeader: , overrideMimeType: } @ https://adsb.lol/script_e85db8de6a42555c8a0f54150f0b8d34.js:355
[42271078ms] [LOG] Can't connect to server, check your network! @ https://adsb.lol/script_e85db8de6a42555c8a0f54150f0b8d34.js:356
[47579397ms] [LOG] {readyState: 0, getResponseHeader: , getAllResponseHeaders: , setRequestHeader: , overrideMimeType: } @ https://adsb.lol/script_e85db8de6a42555c8a0f54150f0b8d34.js:355
[47579401ms] [LOG] Can't connect to server, check your network! @ https://adsb.lol/script_e85db8de6a42555c8a0f54150f0b8d34.js:356
[50774370ms] [LOG] {readyState: 0, getResponseHeader: , getAllResponseHeaders: , setRequestHeader: , overrideMimeType: } @ https://adsb.lol/script_e85db8de6a42555c8a0f54150f0b8d34.js:355
[50774370ms] [LOG] Can't connect to server, check your network! @ https://adsb.lol/script_e85db8de6a42555c8a0f54150f0b8d34.js:356
[50838417ms] [LOG] {readyState: 0, getResponseHeader: , getAllResponseHeaders: , setRequestHeader: , overrideMimeType: } @ https://adsb.lol/script_e85db8de6a42555c8a0f54150f0b8d34.js:355
[50838421ms] [LOG] Can't connect to server, check your network! @ https://adsb.lol/script_e85db8de6a42555c8a0f54150f0b8d34.js:356
[50877951ms] [LOG] {readyState: 0, getResponseHeader: , getAllResponseHeaders: , setRequestHeader: , overrideMimeType: } @ https://adsb.lol/script_e85db8de6a42555c8a0f54150f0b8d34.js:355
[50877951ms] [LOG] Can't connect to server, check your network! @ https://adsb.lol/script_e85db8de6a42555c8a0f54150f0b8d34.js:356
[50937668ms] [LOG] {readyState: 0, getResponseHeader: , getAllResponseHeaders: , setRequestHeader: , overrideMimeType: } @ https://adsb.lol/script_e85db8de6a42555c8a0f54150f0b8d34.js:355
[50937669ms] [LOG] Can't connect to server, check your network! @ https://adsb.lol/script_e85db8de6a42555c8a0f54150f0b8d34.js:356
[51649223ms] [LOG] {readyState: 0, getResponseHeader: , getAllResponseHeaders: , setRequestHeader: , overrideMimeType: } @ https://adsb.lol/script_e85db8de6a42555c8a0f54150f0b8d34.js:355
[51649223ms] [LOG] Can't connect to server, check your network! @ https://adsb.lol/script_e85db8de6a42555c8a0f54150f0b8d34.js:356
[52826557ms] [LOG] {readyState: 0, getResponseHeader: , getAllResponseHeaders: , setRequestHeader: , overrideMimeType: } @ https://adsb.lol/script_e85db8de6a42555c8a0f54150f0b8d34.js:355
[52826558ms] [LOG] Can't connect to server, check your network! @ https://adsb.lol/script_e85db8de6a42555c8a0f54150f0b8d34.js:356
[52870899ms] [LOG] {readyState: 0, getResponseHeader: , getAllResponseHeaders: , setRequestHeader: , overrideMimeType: } @ https://adsb.lol/script_e85db8de6a42555c8a0f54150f0b8d34.js:355
[52870899ms] [LOG] Can't connect to server, check your network! @ https://adsb.lol/script_e85db8de6a42555c8a0f54150f0b8d34.js:356
[52885913ms] [LOG] {readyState: 0, getResponseHeader: , getAllResponseHeaders: , setRequestHeader: , overrideMimeType: } @ https://adsb.lol/script_e85db8de6a42555c8a0f54150f0b8d34.js:355
[52885913ms] [LOG] Can't connect to server, check your network! @ https://adsb.lol/script_e85db8de6a42555c8a0f54150f0b8d34.js:356
[52990202ms] [LOG] {readyState: 0, getResponseHeader: , getAllResponseHeaders: , setRequestHeader: , overrideMimeType: } @ https://adsb.lol/script_e85db8de6a42555c8a0f54150f0b8d34.js:355
[52990202ms] [LOG] Can't connect to server, check your network! @ https://adsb.lol/script_e85db8de6a42555c8a0f54150f0b8d34.js:356
[53030979ms] [LOG] {readyState: 0, getResponseHeader: , getAllResponseHeaders: , setRequestHeader: , overrideMimeType: } @ https://adsb.lol/script_e85db8de6a42555c8a0f54150f0b8d34.js:355
[53030979ms] [LOG] Can't connect to server, check your network! @ https://adsb.lol/script_e85db8de6a42555c8a0f54150f0b8d34.js:356
[53160660ms] [LOG] {readyState: 0, getResponseHeader: , getAllResponseHeaders: , setRequestHeader: , overrideMimeType: } @ https://adsb.lol/script_e85db8de6a42555c8a0f54150f0b8d34.js:355
[53160660ms] [LOG] Can't connect to server, check your network! @ https://adsb.lol/script_e85db8de6a42555c8a0f54150f0b8d34.js:356
[53203089ms] [LOG] {readyState: 0, getResponseHeader: , getAllResponseHeaders: , setRequestHeader: , overrideMimeType: } @ https://adsb.lol/script_e85db8de6a42555c8a0f54150f0b8d34.js:355
[53203089ms] [LOG] Can't connect to server, check your network! @ https://adsb.lol/script_e85db8de6a42555c8a0f54150f0b8d34.js:356
[53333735ms] [LOG] {readyState: 0, getResponseHeader: , getAllResponseHeaders: , setRequestHeader: , overrideMimeType: } @ https://adsb.lol/script_e85db8de6a42555c8a0f54150f0b8d34.js:355
[53333735ms] [LOG] Can't connect to server, check your network! @ https://adsb.lol/script_e85db8de6a42555c8a0f54150f0b8d34.js:356
[53479109ms] [LOG] {readyState: 0, getResponseHeader: , getAllResponseHeaders: , setRequestHeader: , overrideMimeType: } @ https://adsb.lol/script_e85db8de6a42555c8a0f54150f0b8d34.js:355
[53479109ms] [LOG] Can't connect to server, check your network! @ https://adsb.lol/script_e85db8de6a42555c8a0f54150f0b8d34.js:356
[53538158ms] [LOG] {readyState: 0, getResponseHeader: , getAllResponseHeaders: , setRequestHeader: , overrideMimeType: } @ https://adsb.lol/script_e85db8de6a42555c8a0f54150f0b8d34.js:355
[53538158ms] [LOG] Can't connect to server, check your network! @ https://adsb.lol/script_e85db8de6a42555c8a0f54150f0b8d34.js:356
[54774204ms] [LOG] {readyState: 0, getResponseHeader: , getAllResponseHeaders: , setRequestHeader: , overrideMimeType: } @ https://adsb.lol/script_e85db8de6a42555c8a0f54150f0b8d34.js:355
[54774204ms] [LOG] Can't connect to server, check your network! @ https://adsb.lol/script_e85db8de6a42555c8a0f54150f0b8d34.js:356
[55138761ms] [LOG] {readyState: 0, getResponseHeader: , getAllResponseHeaders: , setRequestHeader: , overrideMimeType: } @ https://adsb.lol/script_e85db8de6a42555c8a0f54150f0b8d34.js:355
[55138761ms] [LOG] Can't connect to server, check your network! @ https://adsb.lol/script_e85db8de6a42555c8a0f54150f0b8d34.js:356
[55186634ms] [LOG] {readyState: 0, getResponseHeader: , getAllResponseHeaders: , setRequestHeader: , overrideMimeType: } @ https://adsb.lol/script_e85db8de6a42555c8a0f54150f0b8d34.js:355
[55186634ms] [LOG] Can't connect to server, check your network! @ https://adsb.lol/script_e85db8de6a42555c8a0f54150f0b8d34.js:356
[55492398ms] [LOG] {readyState: 0, getResponseHeader: , getAllResponseHeaders: , setRequestHeader: , overrideMimeType: } @ https://adsb.lol/script_e85db8de6a42555c8a0f54150f0b8d34.js:355
[55492398ms] [LOG] Can't connect to server, check your network! @ https://adsb.lol/script_e85db8de6a42555c8a0f54150f0b8d34.js:356
[57982499ms] [LOG] {readyState: 0, getResponseHeader: , getAllResponseHeaders: , setRequestHeader: , overrideMimeType: } @ https://adsb.lol/script_e85db8de6a42555c8a0f54150f0b8d34.js:355
[57982500ms] [LOG] Can't connect to server, check your network! @ https://adsb.lol/script_e85db8de6a42555c8a0f54150f0b8d34.js:356
[58442348ms] [LOG] {readyState: 0, getResponseHeader: , getAllResponseHeaders: , setRequestHeader: , overrideMimeType: } @ https://adsb.lol/script_e85db8de6a42555c8a0f54150f0b8d34.js:355
[58442349ms] [LOG] Can't connect to server, check your network! @ https://adsb.lol/script_e85db8de6a42555c8a0f54150f0b8d34.js:356
[59096873ms] [LOG] {readyState: 0, getResponseHeader: , getAllResponseHeaders: , setRequestHeader: , overrideMimeType: } @ https://adsb.lol/script_e85db8de6a42555c8a0f54150f0b8d34.js:355
[59096875ms] [LOG] Can't connect to server, check your network! @ https://adsb.lol/script_e85db8de6a42555c8a0f54150f0b8d34.js:356
[59200305ms] [LOG] {readyState: 0, getResponseHeader: , getAllResponseHeaders: , setRequestHeader: , overrideMimeType: } @ https://adsb.lol/script_e85db8de6a42555c8a0f54150f0b8d34.js:355
[59200305ms] [LOG] Can't connect to server, check your network! @ https://adsb.lol/script_e85db8de6a42555c8a0f54150f0b8d34.js:356
[59425769ms] [LOG] {readyState: 0, getResponseHeader: , getAllResponseHeaders: , setRequestHeader: , overrideMimeType: } @ https://adsb.lol/script_e85db8de6a42555c8a0f54150f0b8d34.js:355
[59425769ms] [LOG] Can't connect to server, check your network! @ https://adsb.lol/script_e85db8de6a42555c8a0f54150f0b8d34.js:356
[59505283ms] [LOG] {readyState: 0, getResponseHeader: , getAllResponseHeaders: , setRequestHeader: , overrideMimeType: } @ https://adsb.lol/script_e85db8de6a42555c8a0f54150f0b8d34.js:355
[59505283ms] [LOG] Can't connect to server, check your network! @ https://adsb.lol/script_e85db8de6a42555c8a0f54150f0b8d34.js:356
[61087246ms] [LOG] {readyState: 0, getResponseHeader: , getAllResponseHeaders: , setRequestHeader: , overrideMimeType: } @ https://adsb.lol/script_e85db8de6a42555c8a0f54150f0b8d34.js:355
[61087247ms] [LOG] Can't connect to server, check your network! @ https://adsb.lol/script_e85db8de6a42555c8a0f54150f0b8d34.js:356
[61130503ms] [LOG] {readyState: 0, getResponseHeader: , getAllResponseHeaders: , setRequestHeader: , overrideMimeType: } @ https://adsb.lol/script_e85db8de6a42555c8a0f54150f0b8d34.js:355
[61130503ms] [LOG] Can't connect to server, check your network! @ https://adsb.lol/script_e85db8de6a42555c8a0f54150f0b8d34.js:356
[62233264ms] [LOG] {readyState: 0, getResponseHeader: , getAllResponseHeaders: , setRequestHeader: , overrideMimeType: } @ https://adsb.lol/script_e85db8de6a42555c8a0f54150f0b8d34.js:355
[62233265ms] [LOG] Can't connect to server, check your network! @ https://adsb.lol/script_e85db8de6a42555c8a0f54150f0b8d34.js:356
[62884968ms] [LOG] {readyState: 0, getResponseHeader: , getAllResponseHeaders: , setRequestHeader: , overrideMimeType: } @ https://adsb.lol/script_e85db8de6a42555c8a0f54150f0b8d34.js:355
[62884968ms] [LOG] Can't connect to server, check your network! @ https://adsb.lol/script_e85db8de6a42555c8a0f54150f0b8d34.js:356
[63146949ms] [LOG] {readyState: 0, getResponseHeader: , getAllResponseHeaders: , setRequestHeader: , overrideMimeType: } @ https://adsb.lol/script_e85db8de6a42555c8a0f54150f0b8d34.js:355
[63146949ms] [LOG] Can't connect to server, check your network! @ https://adsb.lol/script_e85db8de6a42555c8a0f54150f0b8d34.js:356
[63686076ms] [LOG] {readyState: 0, getResponseHeader: , getAllResponseHeaders: , setRequestHeader: , overrideMimeType: } @ https://adsb.lol/script_e85db8de6a42555c8a0f54150f0b8d34.js:355
[63686077ms] [LOG] Can't connect to server, check your network! @ https://adsb.lol/script_e85db8de6a42555c8a0f54150f0b8d34.js:356
[64316674ms] [LOG] {readyState: 0, getResponseHeader: , getAllResponseHeaders: , setRequestHeader: , overrideMimeType: } @ https://adsb.lol/script_e85db8de6a42555c8a0f54150f0b8d34.js:355
[64316674ms] [LOG] Can't connect to server, check your network! @ https://adsb.lol/script_e85db8de6a42555c8a0f54150f0b8d34.js:356
[65718488ms] [LOG] {readyState: 0, getResponseHeader: , getAllResponseHeaders: , setRequestHeader: , overrideMimeType: } @ https://adsb.lol/script_e85db8de6a42555c8a0f54150f0b8d34.js:355
[65718489ms] [LOG] Can't connect to server, check your network! @ https://adsb.lol/script_e85db8de6a42555c8a0f54150f0b8d34.js:356
[65779608ms] [LOG] {readyState: 0, getResponseHeader: , getAllResponseHeaders: , setRequestHeader: , overrideMimeType: } @ https://adsb.lol/script_e85db8de6a42555c8a0f54150f0b8d34.js:355
[65779608ms] [LOG] Can't connect to server, check your network! @ https://adsb.lol/script_e85db8de6a42555c8a0f54150f0b8d34.js:356
[65899742ms] [LOG] {readyState: 0, getResponseHeader: , getAllResponseHeaders: , setRequestHeader: , overrideMimeType: } @ https://adsb.lol/script_e85db8de6a42555c8a0f54150f0b8d34.js:355
[65899742ms] [LOG] Can't connect to server, check your network! @ https://adsb.lol/script_e85db8de6a42555c8a0f54150f0b8d34.js:356
[65956780ms] [LOG] {readyState: 0, getResponseHeader: , getAllResponseHeaders: , setRequestHeader: , overrideMimeType: } @ https://adsb.lol/script_e85db8de6a42555c8a0f54150f0b8d34.js:355
[65956780ms] [LOG] Can't connect to server, check your network! @ https://adsb.lol/script_e85db8de6a42555c8a0f54150f0b8d34.js:356
[65992246ms] [LOG] {readyState: 0, getResponseHeader: , getAllResponseHeaders: , setRequestHeader: , overrideMimeType: } @ https://adsb.lol/script_e85db8de6a42555c8a0f54150f0b8d34.js:355
[65992246ms] [LOG] Can't connect to server, check your network! @ https://adsb.lol/script_e85db8de6a42555c8a0f54150f0b8d34.js:356
[66020867ms] [LOG] {readyState: 0, getResponseHeader: , getAllResponseHeaders: , setRequestHeader: , overrideMimeType: } @ https://adsb.lol/script_e85db8de6a42555c8a0f54150f0b8d34.js:355
[66020867ms] [LOG] Can't connect to server, check your network! @ https://adsb.lol/script_e85db8de6a42555c8a0f54150f0b8d34.js:356
[66298947ms] [LOG] {readyState: 0, getResponseHeader: , getAllResponseHeaders: , setRequestHeader: , overrideMimeType: } @ https://adsb.lol/script_e85db8de6a42555c8a0f54150f0b8d34.js:355
[66298947ms] [LOG] Can't connect to server, check your network! @ https://adsb.lol/script_e85db8de6a42555c8a0f54150f0b8d34.js:356
[67876992ms] [LOG] {readyState: 0, getResponseHeader: , getAllResponseHeaders: , setRequestHeader: , overrideMimeType: } @ https://adsb.lol/script_e85db8de6a42555c8a0f54150f0b8d34.js:355
[67876992ms] [LOG] Can't connect to server, check your network! @ https://adsb.lol/script_e85db8de6a42555c8a0f54150f0b8d34.js:356
[69035574ms] [LOG] {readyState: 0, getResponseHeader: , getAllResponseHeaders: , setRequestHeader: , overrideMimeType: } @ https://adsb.lol/script_e85db8de6a42555c8a0f54150f0b8d34.js:355
[69035574ms] [LOG] Can't connect to server, check your network! @ https://adsb.lol/script_e85db8de6a42555c8a0f54150f0b8d34.js:356
[69319233ms] [LOG] {readyState: 0, getResponseHeader: , getAllResponseHeaders: , setRequestHeader: , overrideMimeType: } @ https://adsb.lol/script_e85db8de6a42555c8a0f54150f0b8d34.js:355
[69319233ms] [LOG] Can't connect to server, check your network! @ https://adsb.lol/script_e85db8de6a42555c8a0f54150f0b8d34.js:356
[74032676ms] [LOG] {readyState: 0, getResponseHeader: , getAllResponseHeaders: , setRequestHeader: , overrideMimeType: } @ https://adsb.lol/script_e85db8de6a42555c8a0f54150f0b8d34.js:355
[74032677ms] [LOG] Can't connect to server, check your network! @ https://adsb.lol/script_e85db8de6a42555c8a0f54150f0b8d34.js:356
[74580084ms] [LOG] {readyState: 0, getResponseHeader: , getAllResponseHeaders: , setRequestHeader: , overrideMimeType: } @ https://adsb.lol/script_e85db8de6a42555c8a0f54150f0b8d34.js:355
[74580084ms] [LOG] Can't connect to server, check your network! @ https://adsb.lol/script_e85db8de6a42555c8a0f54150f0b8d34.js:356
[74674833ms] [LOG] {readyState: 0, getResponseHeader: , getAllResponseHeaders: , setRequestHeader: , overrideMimeType: } @ https://adsb.lol/script_e85db8de6a42555c8a0f54150f0b8d34.js:355
[74674833ms] [LOG] Can't connect to server, check your network! @ https://adsb.lol/script_e85db8de6a42555c8a0f54150f0b8d34.js:356
[74916694ms] [LOG] {readyState: 0, getResponseHeader: , getAllResponseHeaders: , setRequestHeader: , overrideMimeType: } @ https://adsb.lol/script_e85db8de6a42555c8a0f54150f0b8d34.js:355
[74916694ms] [LOG] Can't connect to server, check your network! @ https://adsb.lol/script_e85db8de6a42555c8a0f54150f0b8d34.js:356
[75203938ms] [LOG] {readyState: 0, getResponseHeader: , getAllResponseHeaders: , setRequestHeader: , overrideMimeType: } @ https://adsb.lol/script_e85db8de6a42555c8a0f54150f0b8d34.js:355
[75203938ms] [LOG] Can't connect to server, check your network! @ https://adsb.lol/script_e85db8de6a42555c8a0f54150f0b8d34.js:356
[75475429ms] [LOG] {readyState: 0, getResponseHeader: , getAllResponseHeaders: , setRequestHeader: , overrideMimeType: } @ https://adsb.lol/script_e85db8de6a42555c8a0f54150f0b8d34.js:355
[75475429ms] [LOG] Can't connect to server, check your network! @ https://adsb.lol/script_e85db8de6a42555c8a0f54150f0b8d34.js:356
[80481836ms] [LOG] {readyState: 0, getResponseHeader: , getAllResponseHeaders: , setRequestHeader: , overrideMimeType: } @ https://adsb.lol/script_e85db8de6a42555c8a0f54150f0b8d34.js:355
[80481837ms] [LOG] Can't connect to server, check your network! @ https://adsb.lol/script_e85db8de6a42555c8a0f54150f0b8d34.js:356
[83482081ms] [LOG] {readyState: 0, getResponseHeader: , getAllResponseHeaders: , setRequestHeader: , overrideMimeType: } @ https://adsb.lol/script_e85db8de6a42555c8a0f54150f0b8d34.js:355
[83482083ms] [LOG] Can't connect to server, check your network! @ https://adsb.lol/script_e85db8de6a42555c8a0f54150f0b8d34.js:356
[83762757ms] [LOG] {readyState: 0, getResponseHeader: , getAllResponseHeaders: , setRequestHeader: , overrideMimeType: } @ https://adsb.lol/script_e85db8de6a42555c8a0f54150f0b8d34.js:355
[83762758ms] [LOG] Can't connect to server, check your network! @ https://adsb.lol/script_e85db8de6a42555c8a0f54150f0b8d34.js:356
[84083950ms] [LOG] {readyState: 0, getResponseHeader: , getAllResponseHeaders: , setRequestHeader: , overrideMimeType: } @ https://adsb.lol/script_e85db8de6a42555c8a0f54150f0b8d34.js:355
[84083950ms] [LOG] Can't connect to server, check your network! @ https://adsb.lol/script_e85db8de6a42555c8a0f54150f0b8d34.js:356
[84846413ms] [LOG] {readyState: 0, getResponseHeader: , getAllResponseHeaders: , setRequestHeader: , overrideMimeType: } @ https://adsb.lol/script_e85db8de6a42555c8a0f54150f0b8d34.js:355
[84846413ms] [LOG] Can't connect to server, check your network! @ https://adsb.lol/script_e85db8de6a42555c8a0f54150f0b8d34.js:356
[86966636ms] [LOG] {readyState: 0, getResponseHeader: , getAllResponseHeaders: , setRequestHeader: , overrideMimeType: } @ https://adsb.lol/script_e85db8de6a42555c8a0f54150f0b8d34.js:355
[86966641ms] [LOG] Can't connect to server, check your network! @ https://adsb.lol/script_e85db8de6a42555c8a0f54150f0b8d34.js:356
[87076294ms] [LOG] {readyState: 0, getResponseHeader: , getAllResponseHeaders: , setRequestHeader: , overrideMimeType: } @ https://adsb.lol/script_e85db8de6a42555c8a0f54150f0b8d34.js:355
[87076295ms] [LOG] Can't connect to server, check your network! @ https://adsb.lol/script_e85db8de6a42555c8a0f54150f0b8d34.js:356
[87268590ms] [LOG] {readyState: 0, getResponseHeader: , getAllResponseHeaders: , setRequestHeader: , overrideMimeType: } @ https://adsb.lol/script_e85db8de6a42555c8a0f54150f0b8d34.js:355
[87268590ms] [LOG] Can't connect to server, check your network! @ https://adsb.lol/script_e85db8de6a42555c8a0f54150f0b8d34.js:356
[87469107ms] [LOG] {readyState: 0, getResponseHeader: , getAllResponseHeaders: , setRequestHeader: , overrideMimeType: } @ https://adsb.lol/script_e85db8de6a42555c8a0f54150f0b8d34.js:355
[87469107ms] [LOG] Can't connect to server, check your network! @ https://adsb.lol/script_e85db8de6a42555c8a0f54150f0b8d34.js:356
[89522293ms] [LOG] {readyState: 0, getResponseHeader: , getAllResponseHeaders: , setRequestHeader: , overrideMimeType: } @ https://adsb.lol/script_e85db8de6a42555c8a0f54150f0b8d34.js:355
[89522294ms] [LOG] Can't connect to server, check your network! @ https://adsb.lol/script_e85db8de6a42555c8a0f54150f0b8d34.js:356
[90712206ms] [LOG] {readyState: 0, getResponseHeader: , getAllResponseHeaders: , setRequestHeader: , overrideMimeType: } @ https://adsb.lol/script_e85db8de6a42555c8a0f54150f0b8d34.js:355
[90712206ms] [LOG] Can't connect to server, check your network! @ https://adsb.lol/script_e85db8de6a42555c8a0f54150f0b8d34.js:356
[100511799ms] [LOG] {readyState: 0, getResponseHeader: , getAllResponseHeaders: , setRequestHeader: , overrideMimeType: } @ https://adsb.lol/script_e85db8de6a42555c8a0f54150f0b8d34.js:355
[100511800ms] [LOG] Can't connect to server, check your network! @ https://adsb.lol/script_e85db8de6a42555c8a0f54150f0b8d34.js:356
[105485677ms] [LOG] {readyState: 0, getResponseHeader: , getAllResponseHeaders: , setRequestHeader: , overrideMimeType: } @ https://adsb.lol/script_e85db8de6a42555c8a0f54150f0b8d34.js:355
[105485678ms] [LOG] Can't connect to server, check your network! @ https://adsb.lol/script_e85db8de6a42555c8a0f54150f0b8d34.js:356
[116879063ms] [LOG] {readyState: 0, getResponseHeader: , getAllResponseHeaders: , setRequestHeader: , overrideMimeType: } @ https://adsb.lol/script_e85db8de6a42555c8a0f54150f0b8d34.js:355
[116879064ms] [LOG] Can't connect to server, check your network! @ https://adsb.lol/script_e85db8de6a42555c8a0f54150f0b8d34.js:356
[122818465ms] [LOG] {readyState: 0, getResponseHeader: , getAllResponseHeaders: , setRequestHeader: , overrideMimeType: } @ https://adsb.lol/script_e85db8de6a42555c8a0f54150f0b8d34.js:355
[122818466ms] [LOG] Can't connect to server, check your network! @ https://adsb.lol/script_e85db8de6a42555c8a0f54150f0b8d34.js:356
[124945561ms] [LOG] {readyState: 0, getResponseHeader: , getAllResponseHeaders: , setRequestHeader: , overrideMimeType: } @ https://adsb.lol/script_e85db8de6a42555c8a0f54150f0b8d34.js:355
[124945562ms] [LOG] Can't connect to server, check your network! @ https://adsb.lol/script_e85db8de6a42555c8a0f54150f0b8d34.js:356
[126638025ms] [LOG] {readyState: 0, getResponseHeader: , getAllResponseHeaders: , setRequestHeader: , overrideMimeType: } @ https://adsb.lol/script_e85db8de6a42555c8a0f54150f0b8d34.js:355
[126638027ms] [LOG] Can't connect to server, check your network! @ https://adsb.lol/script_e85db8de6a42555c8a0f54150f0b8d34.js:356
[127369964ms] [LOG] {readyState: 0, getResponseHeader: , getAllResponseHeaders: , setRequestHeader: , overrideMimeType: } @ https://adsb.lol/script_e85db8de6a42555c8a0f54150f0b8d34.js:355
[127369966ms] [LOG] Can't connect to server, check your network! @ https://adsb.lol/script_e85db8de6a42555c8a0f54150f0b8d34.js:356
[135513561ms] [LOG] {readyState: 0, getResponseHeader: , getAllResponseHeaders: , setRequestHeader: , overrideMimeType: } @ https://adsb.lol/script_e85db8de6a42555c8a0f54150f0b8d34.js:355
[135513562ms] [LOG] Can't connect to server, check your network! @ https://adsb.lol/script_e85db8de6a42555c8a0f54150f0b8d34.js:356
[136114835ms] [LOG] {readyState: 0, getResponseHeader: , getAllResponseHeaders: , setRequestHeader: , overrideMimeType: } @ https://adsb.lol/script_e85db8de6a42555c8a0f54150f0b8d34.js:355
[136114836ms] [LOG] Can't connect to server, check your network! @ https://adsb.lol/script_e85db8de6a42555c8a0f54150f0b8d34.js:356
[136281963ms] [LOG] {readyState: 0, getResponseHeader: , getAllResponseHeaders: , setRequestHeader: , overrideMimeType: } @ https://adsb.lol/script_e85db8de6a42555c8a0f54150f0b8d34.js:355
[136281964ms] [LOG] Can't connect to server, check your network! @ https://adsb.lol/script_e85db8de6a42555c8a0f54150f0b8d34.js:356
[137183796ms] [LOG] {readyState: 0, getResponseHeader: , getAllResponseHeaders: , setRequestHeader: , overrideMimeType: } @ https://adsb.lol/script_e85db8de6a42555c8a0f54150f0b8d34.js:355
[137183797ms] [LOG] Can't connect to server, check your network! @ https://adsb.lol/script_e85db8de6a42555c8a0f54150f0b8d34.js:356
[137365067ms] [LOG] {readyState: 0, getResponseHeader: , getAllResponseHeaders: , setRequestHeader: , overrideMimeType: } @ https://adsb.lol/script_e85db8de6a42555c8a0f54150f0b8d34.js:355
[137365067ms] [LOG] Can't connect to server, check your network! @ https://adsb.lol/script_e85db8de6a42555c8a0f54150f0b8d34.js:356
[138141236ms] [LOG] {readyState: 0, getResponseHeader: , getAllResponseHeaders: , setRequestHeader: , overrideMimeType: } @ https://adsb.lol/script_e85db8de6a42555c8a0f54150f0b8d34.js:355
[138141236ms] [LOG] Can't connect to server, check your network! @ https://adsb.lol/script_e85db8de6a42555c8a0f54150f0b8d34.js:356
[138191078ms] [LOG] {readyState: 0, getResponseHeader: , getAllResponseHeaders: , setRequestHeader: , overrideMimeType: } @ https://adsb.lol/script_e85db8de6a42555c8a0f54150f0b8d34.js:355
[138191078ms] [LOG] Can't connect to server, check your network! @ https://adsb.lol/script_e85db8de6a42555c8a0f54150f0b8d34.js:356
[138566382ms] [LOG] {readyState: 0, getResponseHeader: , getAllResponseHeaders: , setRequestHeader: , overrideMimeType: } @ https://adsb.lol/script_e85db8de6a42555c8a0f54150f0b8d34.js:355
[138566382ms] [LOG] Can't connect to server, check your network! @ https://adsb.lol/script_e85db8de6a42555c8a0f54150f0b8d34.js:356
[139308756ms] [LOG] {readyState: 0, getResponseHeader: , getAllResponseHeaders: , setRequestHeader: , overrideMimeType: } @ https://adsb.lol/script_e85db8de6a42555c8a0f54150f0b8d34.js:355
[139308756ms] [LOG] Can't connect to server, check your network! @ https://adsb.lol/script_e85db8de6a42555c8a0f54150f0b8d34.js:356
[140264408ms] [LOG] {readyState: 0, getResponseHeader: , getAllResponseHeaders: , setRequestHeader: , overrideMimeType: } @ https://adsb.lol/script_e85db8de6a42555c8a0f54150f0b8d34.js:355
[140264409ms] [LOG] Can't connect to server, check your network! @ https://adsb.lol/script_e85db8de6a42555c8a0f54150f0b8d34.js:356
[140289462ms] [LOG] {readyState: 0, getResponseHeader: , getAllResponseHeaders: , setRequestHeader: , overrideMimeType: } @ https://adsb.lol/script_e85db8de6a42555c8a0f54150f0b8d34.js:355
[140289462ms] [LOG] Can't connect to server, check your network! @ https://adsb.lol/script_e85db8de6a42555c8a0f54150f0b8d34.js:356
[140900169ms] [LOG] {readyState: 0, getResponseHeader: , getAllResponseHeaders: , setRequestHeader: , overrideMimeType: } @ https://adsb.lol/script_e85db8de6a42555c8a0f54150f0b8d34.js:355
[140900170ms] [LOG] Can't connect to server, check your network! @ https://adsb.lol/script_e85db8de6a42555c8a0f54150f0b8d34.js:356
[140900170ms] [ERROR] Failed to load resource: net::ERR_CONNECTION_REFUSED @ https://adsb.lol/re-api/?binCraft&zstd&find_hex=e494a5:0
[141109850ms] [LOG] {readyState: 0, getResponseHeader: , getAllResponseHeaders: , setRequestHeader: , overrideMimeType: } @ https://adsb.lol/script_e85db8de6a42555c8a0f54150f0b8d34.js:355
[141109851ms] [LOG] Can't connect to server, check your network! @ https://adsb.lol/script_e85db8de6a42555c8a0f54150f0b8d34.js:356
[142036152ms] [LOG] {readyState: 0, getResponseHeader: , getAllResponseHeaders: , setRequestHeader: , overrideMimeType: } @ https://adsb.lol/script_e85db8de6a42555c8a0f54150f0b8d34.js:355
[142036154ms] [LOG] Can't connect to server, check your network! @ https://adsb.lol/script_e85db8de6a42555c8a0f54150f0b8d34.js:356
[142290404ms] [LOG] {readyState: 0, getResponseHeader: , getAllResponseHeaders: , setRequestHeader: , overrideMimeType: } @ https://adsb.lol/script_e85db8de6a42555c8a0f54150f0b8d34.js:355
[142290405ms] [LOG] Can't connect to server, check your network! @ https://adsb.lol/script_e85db8de6a42555c8a0f54150f0b8d34.js:356
[144632007ms] [LOG] {readyState: 0, getResponseHeader: , getAllResponseHeaders: , setRequestHeader: , overrideMimeType: } @ https://adsb.lol/script_e85db8de6a42555c8a0f54150f0b8d34.js:355
[144632008ms] [LOG] Can't connect to server, check your network! @ https://adsb.lol/script_e85db8de6a42555c8a0f54150f0b8d34.js:356
[144717676ms] [LOG] {readyState: 0, getResponseHeader: , getAllResponseHeaders: , setRequestHeader: , overrideMimeType: } @ https://adsb.lol/script_e85db8de6a42555c8a0f54150f0b8d34.js:355
[144717678ms] [LOG] Can't connect to server, check your network! @ https://adsb.lol/script_e85db8de6a42555c8a0f54150f0b8d34.js:356
[145288961ms] [LOG] {readyState: 0, getResponseHeader: , getAllResponseHeaders: , setRequestHeader: , overrideMimeType: } @ https://adsb.lol/script_e85db8de6a42555c8a0f54150f0b8d34.js:355
[145288963ms] [LOG] Can't connect to server, check your network! @ https://adsb.lol/script_e85db8de6a42555c8a0f54150f0b8d34.js:356
[145544544ms] [LOG] {readyState: 0, getResponseHeader: , getAllResponseHeaders: , setRequestHeader: , overrideMimeType: } @ https://adsb.lol/script_e85db8de6a42555c8a0f54150f0b8d34.js:355
[145544545ms] [LOG] Can't connect to server, check your network! @ https://adsb.lol/script_e85db8de6a42555c8a0f54150f0b8d34.js:356
[145846569ms] [LOG] {readyState: 0, getResponseHeader: , getAllResponseHeaders: , setRequestHeader: , overrideMimeType: } @ https://adsb.lol/script_e85db8de6a42555c8a0f54150f0b8d34.js:355
[145846570ms] [LOG] Can't connect to server, check your network! @ https://adsb.lol/script_e85db8de6a42555c8a0f54150f0b8d34.js:356
[146045444ms] [LOG] {readyState: 0, getResponseHeader: , getAllResponseHeaders: , setRequestHeader: , overrideMimeType: } @ https://adsb.lol/script_e85db8de6a42555c8a0f54150f0b8d34.js:355
[146045446ms] [LOG] Can't connect to server, check your network! @ https://adsb.lol/script_e85db8de6a42555c8a0f54150f0b8d34.js:356
[146083426ms] [LOG] {readyState: 0, getResponseHeader: , getAllResponseHeaders: , setRequestHeader: , overrideMimeType: } @ https://adsb.lol/script_e85db8de6a42555c8a0f54150f0b8d34.js:355
[146083426ms] [LOG] Can't connect to server, check your network! @ https://adsb.lol/script_e85db8de6a42555c8a0f54150f0b8d34.js:356
[146255254ms] [LOG] {readyState: 0, getResponseHeader: , getAllResponseHeaders: , setRequestHeader: , overrideMimeType: } @ https://adsb.lol/script_e85db8de6a42555c8a0f54150f0b8d34.js:355
[146255254ms] [LOG] Can't connect to server, check your network! @ https://adsb.lol/script_e85db8de6a42555c8a0f54150f0b8d34.js:356
[146484513ms] [LOG] {readyState: 0, getResponseHeader: , getAllResponseHeaders: , setRequestHeader: , overrideMimeType: } @ https://adsb.lol/script_e85db8de6a42555c8a0f54150f0b8d34.js:355
[146484515ms] [LOG] Can't connect to server, check your network! @ https://adsb.lol/script_e85db8de6a42555c8a0f54150f0b8d34.js:356
[146654545ms] [LOG] {readyState: 0, getResponseHeader: , getAllResponseHeaders: , setRequestHeader: , overrideMimeType: } @ https://adsb.lol/script_e85db8de6a42555c8a0f54150f0b8d34.js:355
[146654551ms] [LOG] Can't connect to server, check your network! @ https://adsb.lol/script_e85db8de6a42555c8a0f54150f0b8d34.js:356
[147075904ms] [LOG] {readyState: 0, getResponseHeader: , getAllResponseHeaders: , setRequestHeader: , overrideMimeType: } @ https://adsb.lol/script_e85db8de6a42555c8a0f54150f0b8d34.js:355
[147075905ms] [LOG] Can't connect to server, check your network! @ https://adsb.lol/script_e85db8de6a42555c8a0f54150f0b8d34.js:356
[147196909ms] [LOG] {readyState: 0, getResponseHeader: , getAllResponseHeaders: , setRequestHeader: , overrideMimeType: } @ https://adsb.lol/script_e85db8de6a42555c8a0f54150f0b8d34.js:355
[147196909ms] [LOG] Can't connect to server, check your network! @ https://adsb.lol/script_e85db8de6a42555c8a0f54150f0b8d34.js:356
[147557371ms] [LOG] {readyState: 0, getResponseHeader: , getAllResponseHeaders: , setRequestHeader: , overrideMimeType: } @ https://adsb.lol/script_e85db8de6a42555c8a0f54150f0b8d34.js:355
[147557372ms] [LOG] Can't connect to server, check your network! @ https://adsb.lol/script_e85db8de6a42555c8a0f54150f0b8d34.js:356
[147764048ms] [LOG] {readyState: 0, getResponseHeader: , getAllResponseHeaders: , setRequestHeader: , overrideMimeType: } @ https://adsb.lol/script_e85db8de6a42555c8a0f54150f0b8d34.js:355
[147764049ms] [LOG] Can't connect to server, check your network! @ https://adsb.lol/script_e85db8de6a42555c8a0f54150f0b8d34.js:356
[147843856ms] [LOG] {readyState: 0, getResponseHeader: , getAllResponseHeaders: , setRequestHeader: , overrideMimeType: } @ https://adsb.lol/script_e85db8de6a42555c8a0f54150f0b8d34.js:355
[147843856ms] [LOG] Can't connect to server, check your network! @ https://adsb.lol/script_e85db8de6a42555c8a0f54150f0b8d34.js:356
[147885735ms] [LOG] {readyState: 0, getResponseHeader: , getAllResponseHeaders: , setRequestHeader: , overrideMimeType: } @ https://adsb.lol/script_e85db8de6a42555c8a0f54150f0b8d34.js:355
[147885735ms] [LOG] Can't connect to server, check your network! @ https://adsb.lol/script_e85db8de6a42555c8a0f54150f0b8d34.js:356
[147947162ms] [LOG] {readyState: 0, getResponseHeader: , getAllResponseHeaders: , setRequestHeader: , overrideMimeType: } @ https://adsb.lol/script_e85db8de6a42555c8a0f54150f0b8d34.js:355
[147947163ms] [LOG] Can't connect to server, check your network! @ https://adsb.lol/script_e85db8de6a42555c8a0f54150f0b8d34.js:356
[148024854ms] [LOG] {readyState: 0, getResponseHeader: , getAllResponseHeaders: , setRequestHeader: , overrideMimeType: } @ https://adsb.lol/script_e85db8de6a42555c8a0f54150f0b8d34.js:355
[148024854ms] [LOG] Can't connect to server, check your network! @ https://adsb.lol/script_e85db8de6a42555c8a0f54150f0b8d34.js:356
[148065175ms] [LOG] {readyState: 0, getResponseHeader: , getAllResponseHeaders: , setRequestHeader: , overrideMimeType: } @ https://adsb.lol/script_e85db8de6a42555c8a0f54150f0b8d34.js:355
[148065175ms] [LOG] Can't connect to server, check your network! @ https://adsb.lol/script_e85db8de6a42555c8a0f54150f0b8d34.js:356
[148220361ms] [LOG] {readyState: 0, getResponseHeader: , getAllResponseHeaders: , setRequestHeader: , overrideMimeType: } @ https://adsb.lol/script_e85db8de6a42555c8a0f54150f0b8d34.js:355
[148220362ms] [LOG] Can't connect to server, check your network! @ https://adsb.lol/script_e85db8de6a42555c8a0f54150f0b8d34.js:356
[148258927ms] [LOG] {readyState: 0, getResponseHeader: , getAllResponseHeaders: , setRequestHeader: , overrideMimeType: } @ https://adsb.lol/script_e85db8de6a42555c8a0f54150f0b8d34.js:355
[148258963ms] [LOG] Can't connect to server, check your network! @ https://adsb.lol/script_e85db8de6a42555c8a0f54150f0b8d34.js:356
[148740936ms] [LOG] {readyState: 0, getResponseHeader: , getAllResponseHeaders: , setRequestHeader: , overrideMimeType: } @ https://adsb.lol/script_e85db8de6a42555c8a0f54150f0b8d34.js:355
[148740937ms] [LOG] Can't connect to server, check your network! @ https://adsb.lol/script_e85db8de6a42555c8a0f54150f0b8d34.js:356
[148765046ms] [LOG] {readyState: 0, getResponseHeader: , getAllResponseHeaders: , setRequestHeader: , overrideMimeType: } @ https://adsb.lol/script_e85db8de6a42555c8a0f54150f0b8d34.js:355
[148765047ms] [LOG] Can't connect to server, check your network! @ https://adsb.lol/script_e85db8de6a42555c8a0f54150f0b8d34.js:356
[148917446ms] [LOG] {readyState: 0, getResponseHeader: , getAllResponseHeaders: , setRequestHeader: , overrideMimeType: } @ https://adsb.lol/script_e85db8de6a42555c8a0f54150f0b8d34.js:355
[148917448ms] [LOG] Can't connect to server, check your network! @ https://adsb.lol/script_e85db8de6a42555c8a0f54150f0b8d34.js:356
[149692471ms] [LOG] {readyState: 0, getResponseHeader: , getAllResponseHeaders: , setRequestHeader: , overrideMimeType: } @ https://adsb.lol/script_e85db8de6a42555c8a0f54150f0b8d34.js:355
[149692473ms] [LOG] Can't connect to server, check your network! @ https://adsb.lol/script_e85db8de6a42555c8a0f54150f0b8d34.js:356
[150139873ms] [LOG] {readyState: 0, getResponseHeader: , getAllResponseHeaders: , setRequestHeader: , overrideMimeType: } @ https://adsb.lol/script_e85db8de6a42555c8a0f54150f0b8d34.js:355
[150139876ms] [LOG] Can't connect to server, check your network! @ https://adsb.lol/script_e85db8de6a42555c8a0f54150f0b8d34.js:356
[150933537ms] [LOG] {readyState: 0, getResponseHeader: , getAllResponseHeaders: , setRequestHeader: , overrideMimeType: } @ https://adsb.lol/script_e85db8de6a42555c8a0f54150f0b8d34.js:355
[150933539ms] [LOG] Can't connect to server, check your network! @ https://adsb.lol/script_e85db8de6a42555c8a0f54150f0b8d34.js:356
[151089583ms] [LOG] {readyState: 0, getResponseHeader: , getAllResponseHeaders: , setRequestHeader: , overrideMimeType: } @ https://adsb.lol/script_e85db8de6a42555c8a0f54150f0b8d34.js:355
[151089585ms] [LOG] Can't connect to server, check your network! @ https://adsb.lol/script_e85db8de6a42555c8a0f54150f0b8d34.js:356
[151165316ms] [LOG] {readyState: 0, getResponseHeader: , getAllResponseHeaders: , setRequestHeader: , overrideMimeType: } @ https://adsb.lol/script_e85db8de6a42555c8a0f54150f0b8d34.js:355
[151165317ms] [LOG] Can't connect to server, check your network! @ https://adsb.lol/script_e85db8de6a42555c8a0f54150f0b8d34.js:356
[151374547ms] [LOG] {readyState: 0, getResponseHeader: , getAllResponseHeaders: , setRequestHeader: , overrideMimeType: } @ https://adsb.lol/script_e85db8de6a42555c8a0f54150f0b8d34.js:355
[151374548ms] [LOG] Can't connect to server, check your network! @ https://adsb.lol/script_e85db8de6a42555c8a0f54150f0b8d34.js:356
[151423352ms] [LOG] {readyState: 0, getResponseHeader: , getAllResponseHeaders: , setRequestHeader: , overrideMimeType: } @ https://adsb.lol/script_e85db8de6a42555c8a0f54150f0b8d34.js:355
[151423353ms] [LOG] Can't connect to server, check your network! @ https://adsb.lol/script_e85db8de6a42555c8a0f54150f0b8d34.js:356
[151459866ms] [LOG] {readyState: 0, getResponseHeader: , getAllResponseHeaders: , setRequestHeader: , overrideMimeType: } @ https://adsb.lol/script_e85db8de6a42555c8a0f54150f0b8d34.js:355
[151459866ms] [LOG] Can't connect to server, check your network! @ https://adsb.lol/script_e85db8de6a42555c8a0f54150f0b8d34.js:356
[151574331ms] [LOG] {readyState: 0, getResponseHeader: , getAllResponseHeaders: , setRequestHeader: , overrideMimeType: } @ https://adsb.lol/script_e85db8de6a42555c8a0f54150f0b8d34.js:355
[151574331ms] [LOG] Can't connect to server, check your network! @ https://adsb.lol/script_e85db8de6a42555c8a0f54150f0b8d34.js:356
[151585861ms] [ERROR] Failed to load resource: net::ERR_CONNECTION_RESET @ https://adsb.lol/globeRates.json?_=1786747762192:0
[151585863ms] [LOG] {readyState: 0, getResponseHeader: , getAllResponseHeaders: , setRequestHeader: , overrideMimeType: } @ https://adsb.lol/script_e85db8de6a42555c8a0f54150f0b8d34.js:355
[151585864ms] [LOG] Can't connect to server, check your network! @ https://adsb.lol/script_e85db8de6a42555c8a0f54150f0b8d34.js:356
[151585864ms] [ERROR] Failed to load resource: net::ERR_CONNECTION_RESET @ https://adsb.lol/re-api/?binCraft&zstd&find_hex=e494a5:0
[151674612ms] [LOG] {readyState: 0, getResponseHeader: , getAllResponseHeaders: , setRequestHeader: , overrideMimeType: } @ https://adsb.lol/script_e85db8de6a42555c8a0f54150f0b8d34.js:355
[151674612ms] [LOG] Can't connect to server, check your network! @ https://adsb.lol/script_e85db8de6a42555c8a0f54150f0b8d34.js:356
[151775979ms] [LOG] {readyState: 0, getResponseHeader: , getAllResponseHeaders: , setRequestHeader: , overrideMimeType: } @ https://adsb.lol/script_e85db8de6a42555c8a0f54150f0b8d34.js:355
[151775980ms] [LOG] Can't connect to server, check your network! @ https://adsb.lol/script_e85db8de6a42555c8a0f54150f0b8d34.js:356
[152096818ms] [LOG] {readyState: 0, getResponseHeader: , getAllResponseHeaders: , setRequestHeader: , overrideMimeType: } @ https://adsb.lol/script_e85db8de6a42555c8a0f54150f0b8d34.js:355
[152096818ms] [LOG] Can't connect to server, check your network! @ https://adsb.lol/script_e85db8de6a42555c8a0f54150f0b8d34.js:356
[153125359ms] [LOG] {readyState: 0, getResponseHeader: , getAllResponseHeaders: , setRequestHeader: , overrideMimeType: } @ https://adsb.lol/script_e85db8de6a42555c8a0f54150f0b8d34.js:355
[153125361ms] [LOG] Can't connect to server, check your network! @ https://adsb.lol/script_e85db8de6a42555c8a0f54150f0b8d34.js:356
[153407140ms] [LOG] {readyState: 0, getResponseHeader: , getAllResponseHeaders: , setRequestHeader: , overrideMimeType: } @ https://adsb.lol/script_e85db8de6a42555c8a0f54150f0b8d34.js:355
[153407142ms] [LOG] Can't connect to server, check your network! @ https://adsb.lol/script_e85db8de6a42555c8a0f54150f0b8d34.js:356
[154601808ms] [LOG] {readyState: 0, getResponseHeader: , getAllResponseHeaders: , setRequestHeader: , overrideMimeType: } @ https://adsb.lol/script_e85db8de6a42555c8a0f54150f0b8d34.js:355
[154601812ms] [LOG] Can't connect to server, check your network! @ https://adsb.lol/script_e85db8de6a42555c8a0f54150f0b8d34.js:356
[155268779ms] [LOG] {readyState: 0, getResponseHeader: , getAllResponseHeaders: , setRequestHeader: , overrideMimeType: } @ https://adsb.lol/script_e85db8de6a42555c8a0f54150f0b8d34.js:355
[155268781ms] [LOG] Can't connect to server, check your network! @ https://adsb.lol/script_e85db8de6a42555c8a0f54150f0b8d34.js:356
[155470250ms] [LOG] {readyState: 0, getResponseHeader: , getAllResponseHeaders: , setRequestHeader: , overrideMimeType: } @ https://adsb.lol/script_e85db8de6a42555c8a0f54150f0b8d34.js:355
[155470250ms] [LOG] Can't connect to server, check your network! @ https://adsb.lol/script_e85db8de6a42555c8a0f54150f0b8d34.js:356
[156916418ms] [LOG] {readyState: 0, getResponseHeader: , getAllResponseHeaders: , setRequestHeader: , overrideMimeType: } @ https://adsb.lol/script_e85db8de6a42555c8a0f54150f0b8d34.js:355
[156916423ms] [LOG] Can't connect to server, check your network! @ https://adsb.lol/script_e85db8de6a42555c8a0f54150f0b8d34.js:356
[157889836ms] [LOG] {readyState: 0, getResponseHeader: , getAllResponseHeaders: , setRequestHeader: , overrideMimeType: } @ https://adsb.lol/script_e85db8de6a42555c8a0f54150f0b8d34.js:355
[157889839ms] [LOG] Can't connect to server, check your network! @ https://adsb.lol/script_e85db8de6a42555c8a0f54150f0b8d34.js:356
[157946932ms] [LOG] {readyState: 0, getResponseHeader: , getAllResponseHeaders: , setRequestHeader: , overrideMimeType: } @ https://adsb.lol/script_e85db8de6a42555c8a0f54150f0b8d34.js:355
[157946932ms] [LOG] Can't connect to server, check your network! @ https://adsb.lol/script_e85db8de6a42555c8a0f54150f0b8d34.js:356
[160479796ms] [LOG] {readyState: 0, getResponseHeader: , getAllResponseHeaders: , setRequestHeader: , overrideMimeType: } @ https://adsb.lol/script_e85db8de6a42555c8a0f54150f0b8d34.js:355
[160479798ms] [LOG] Can't connect to server, check your network! @ https://adsb.lol/script_e85db8de6a42555c8a0f54150f0b8d34.js:356
