[     445ms] [WARNING] Failed to execute 'write' on 'Document': It isn't possible to write into a document from an asynchronously-loaded external script unless it is explicitly opened. @ https://securepubads.g.doubleclick.net/tag/js/gpt.js:10
[    1135ms] [WARNING] <GoogleRecaptchaProvider /> Recaptcha script is not available @ https://assets-v2.i-scmp.com/production/_next/static/chunks/main-1a464cb99f861ecc.js:6
[    1957ms] [WARNING] Failed to execute 'postMessage' on 'DOMWindow': The target origin provided ('https://www.youtube.com') does not match the recipient window's origin ('https://www.scmp.com'). @ https://www.youtube.com/s/player/b0d2d49a/www-widgetapi-ima.vflset/www-widgetapi-ima.js:281
[    3541ms] [WARNING] [GPT] Using deprecated googletag.encryptedSignalProviders. Please use googletag.secureSignalProviders instead.
https://goo.gle/gpt-message#155 @ https://assets-v2.i-scmp.com/production/_next/static/chunks/main-1a464cb99f861ecc.js:6
[    4759ms] [LOG] Subscriptions Runtime: 1.0.157 @ https://assets-v2.i-scmp.com/production/_next/static/chunks/main-1a464cb99f861ecc.js:6
[    5498ms] [LOG] [YT.ImaManager] INFO: Loaded AdsManager. @ https://assets-v2.i-scmp.com/production/_next/static/chunks/main-1a464cb99f861ecc.js:6
[    7355ms] [WARNING] [GPT] Slot.updateTargetingFromMap is deprecated, use Slot.setConfig({targeting: ...}) instead.
https://goo.gle/gpt-message#171 @ https://assets-v2.i-scmp.com/production/_next/static/chunks/main-1a464cb99f861ecc.js:6
[    8495ms] [WARNING] Mixed Content: The page at 'https://ssum-sec.casalemedia.com/usermatch?cb=https%3A%2F%2Fs.amazon-adsystem.com%2Fecm3%3Fex%3Dindex.com%26id%3D%24UID&gdpr=0&s=192259&C=1' was loaded over HTTPS, but requested an insecure element 'http://rtb2-useast.delivrdsp.ai/sync?exchange=1378&r=https%3A%2F%2Fdsum-sec.casalemedia.com%2Fcrum%3Fcm_dsp_id%3D282%26external_user_id%3D%7BUID%7D&us_privacy='. This request was automatically upgraded to HTTPS, For more information see https://blog.chromium.org/2019/10/no-more-mixed-messages-about-https.html @ https://ssum-sec.casalemedia.com/usermatch?cb=https%3A%2F%2Fs.amazon-adsystem.com%2Fecm3%3Fex%3Dindex.com%26id%3D%24UID&gdpr=0&s=192259&C=1:0
[    8497ms] [WARNING] Mixed Content: The page at 'https://ssum-sec.casalemedia.com/usermatch?cb=https%3A%2F%2Fs.amazon-adsystem.com%2Fecm3%3Fex%3Dindex.com%26id%3D%24UID&gdpr=0&s=192259&C=1' was loaded over HTTPS, but requested an insecure element 'http://rtb2-useast.delivrdsp.ai/sync?exchange=1378&r=https%3A%2F%2Fdsum-sec.casalemedia.com%2Fcrum%3Fcm_dsp_id%3D282%26external_user_id%3D%7BUID%7D&us_privacy='. This request was automatically upgraded to HTTPS, For more information see https://blog.chromium.org/2019/10/no-more-mixed-messages-about-https.html @ https://ssum-sec.casalemedia.com/usermatch?cb=https%3A%2F%2Fs.amazon-adsystem.com%2Fecm3%3Fex%3Dindex.com%26id%3D%24UID&gdpr=0&s=192259&C=1:0
[    9529ms] [ERROR] Failed to load resource: the server responded with a status of 451 () @ https://id.rlcdn.com/464246.gif?partner_uid=83feb435-efeb-4033-aedf-8f521b604efc:0
[    9716ms] [ERROR] Failed to load resource: the server responded with a status of 451 () @ https://id.rlcdn.com/464246.gif?partner_uid=83feb435-efeb-4033-aedf-8f521b604efc:0
[    9529ms] [ERROR] Failed to load resource: the server responded with a status of 451 () @ https://id.rlcdn.com/464246.gif?partner_uid=83feb435-efeb-4033-aedf-8f521b604efc:0
[    9716ms] [ERROR] Failed to load resource: the server responded with a status of 451 () @ https://id.rlcdn.com/464246.gif?partner_uid=83feb435-efeb-4033-aedf-8f521b604efc:0
[    9904ms] [ERROR] Failed to load resource: net::ERR_CONNECTION_CLOSED @ https://csync.loopme.me/?pubid=11227&gdpr=0&gdpr_consent=&redirect=https%3A%2F%2Fssp.api.tappx.com%2Fcs%2Fusync%3Fidmn%3D109%26type%3Diframe%26id%3D%7Bdevice_id%7D%26auxuid%3D:0
[    9904ms] [ERROR] Failed to load resource: net::ERR_CONNECTION_CLOSED @ https://csync.loopme.me/?pubid=11227&gdpr=0&gdpr_consent=&redirect=https%3A%2F%2Fssp.api.tappx.com%2Fcs%2Fusync%3Fidmn%3D109%26type%3Diframe%26id%3D%7Bdevice_id%7D%26auxuid%3D:0
[   10569ms] [ERROR] Failed to load resource: the server responded with a status of 451 () @ https://id.rlcdn.com/464246.gif?partner_uid=83feb435-efeb-4033-aedf-8f521b604efc:0
[   10651ms] [ERROR] Failed to load resource: the server responded with a status of 417 (Expectation Failed) @ https://t.adx.opera.com/pub/sync?pubid=pub11511909236288:0
[   11235ms] [ERROR] Failed to load resource: the server responded with a status of 451 () @ https://idsync.rlcdn.com/420486.gif?partner_uid=2E5B5352-1283-4AE1-AC4C-A6F6F3FE8B14:0
[   11342ms] [ERROR] Failed to load resource: the server responded with a status of 403 () @ https://c1.adform.net/serving/cookie/match?party=1276:0
[   11327ms] [ERROR] Failed to load resource: the server responded with a status of 400 () @ https://eb2.3lift.com/getuid?redir=https%3A%2F%2Fsyncingbridge.com%2FuserBackIframe%3Fuid%3D%24UID%26gdpr%3D%7BGDPR%7D%26gdpr_consent%3D%7BGDPR_CONSENT%7D%26p%3D2&gdpr=0&gdpr_consent=:0
[   11458ms] [ERROR] Failed to load resource: net::ERR_HTTP2_SERVER_REFUSED_STREAM @ https://cs.admanmedia.com/2e2cd80ed2c36fa49cf9580703081ade.gif?puid=e935fba3-60fe-4f7a-be3b-185960180ab3&redir=https%3A%2F%2Fms-cookie-sync.presage.io%2Fuser-sync%3Fillumin_id%3D%5BUID%5D%26gdpr%3D0%26gdpr_consent%3Dus_privacy=%7b%7bUS_PRIVACY%7d%7d&gdpr=0&gdpr_consent=us_privacy=%7b%7bUS_PRIVACY%7d%7d:0
[   11235ms] [ERROR] Failed to load resource: the server responded with a status of 451 () @ https://idsync.rlcdn.com/420486.gif?partner_uid=2E5B5352-1283-4AE1-AC4C-A6F6F3FE8B14:0
[    9904ms] [ERROR] Failed to load resource: net::ERR_CONNECTION_CLOSED @ https://csync.loopme.me/?pubid=11227&gdpr=0&gdpr_consent=&redirect=https%3A%2F%2Fssp.api.tappx.com%2Fcs%2Fusync%3Fidmn%3D109%26type%3Diframe%26id%3D%7Bdevice_id%7D%26auxuid%3D:0
[   11901ms] [ERROR] Failed to load resource: the server responded with a status of 400 (Bad Request) @ https://sync.adkernel.com/user-sync?zone=252325&gdpr=0&gdpr_consent=&us_privacy=&t=image&r=https%3A%2F%2Fittpx.eskimi.com%2Fsync%3Fdp_id%3D52%26gdpr%3D0%26gdpr_consent%3D%26us_privacy%3D%26user_id%3D%7BUID%7D:0
[   11916ms] [ERROR] Failed to load resource: the server responded with a status of 400 (Bad Request) @ https://dsp.nrich.ai/bidswitch/sync?bidswitch_ssp_id=gumgum2&bsw_custom_parameter=&gdpr=0&gdpr_consent=&gdpr_pd=&us_privacy=:0
[   11911ms] [ERROR] Failed to load resource: net::ERR_NAME_NOT_RESOLVED @ https://usermatch.krxd.net/um/v2?partner=tapad:0
[   11964ms] [ERROR] Failed to load resource: the server responded with a status of 404 (Not Found) @ https://b1sync.zemanta.com/usersync/ogury/?gdpr=0&gdpr_consent=us_privacy=%7b%7bUS_PRIVACY%7d%7d&cb=https%3A%2F%2Fms-cookie-sync.presage.io%2Fuser-sync%3Foutbrain_id%3D__ZUID__:0
[   11235ms] [ERROR] Failed to load resource: the server responded with a status of 451 () @ https://idsync.rlcdn.com/420486.gif?partner_uid=2E5B5352-1283-4AE1-AC4C-A6F6F3FE8B14:0
[    9529ms] [ERROR] Failed to load resource: the server responded with a status of 451 () @ https://id.rlcdn.com/464246.gif?partner_uid=83feb435-efeb-4033-aedf-8f521b604efc:0
[    9716ms] [ERROR] Failed to load resource: the server responded with a status of 451 () @ https://id.rlcdn.com/464246.gif?partner_uid=83feb435-efeb-4033-aedf-8f521b604efc:0
[   10569ms] [ERROR] Failed to load resource: the server responded with a status of 451 () @ https://id.rlcdn.com/464246.gif?partner_uid=83feb435-efeb-4033-aedf-8f521b604efc:0
[    9529ms] [ERROR] Failed to load resource: the server responded with a status of 451 () @ https://id.rlcdn.com/464246.gif?partner_uid=83feb435-efeb-4033-aedf-8f521b604efc:0
[    9716ms] [ERROR] Failed to load resource: the server responded with a status of 451 () @ https://id.rlcdn.com/464246.gif?partner_uid=83feb435-efeb-4033-aedf-8f521b604efc:0
[   10569ms] [ERROR] Failed to load resource: the server responded with a status of 451 () @ https://id.rlcdn.com/464246.gif?partner_uid=83feb435-efeb-4033-aedf-8f521b604efc:0
[   11901ms] [ERROR] Failed to load resource: the server responded with a status of 400 (Bad Request) @ https://sync.adkernel.com/user-sync?zone=252325&gdpr=0&gdpr_consent=&us_privacy=&t=image&r=https%3A%2F%2Fittpx.eskimi.com%2Fsync%3Fdp_id%3D52%26gdpr%3D0%26gdpr_consent%3D%26us_privacy%3D%26user_id%3D%7BUID%7D:0
[   12750ms] [ERROR] Failed to load resource: the server responded with a status of 400 (Bad Request) @ https://sync.adkernel.com/user-sync?zone=252325&gdpr=0&gdpr_consent=&us_privacy=&t=image&r=https%3A%2F%2Fittpx.eskimi.com%2Fsync%3Fdp_id%3D52%26gdpr%3D0%26gdpr_consent%3D%26us_privacy%3D%26user_id%3D%7BUID%7D:0
[   13544ms] [ERROR] Attestation check for Shared Storage on https://www.googleadservices.com failed. @ https://www.googleadservices.com/pagead/managed/js/activeview/current/reach_worklet.html:0
[   11235ms] [ERROR] Failed to load resource: the server responded with a status of 451 () @ https://idsync.rlcdn.com/420486.gif?partner_uid=2E5B5352-1283-4AE1-AC4C-A6F6F3FE8B14:0
[   13578ms] [ERROR] Attestation check for Shared Storage on https://www.googleadservices.com failed. @ https://www.googleadservices.com/pagead/managed/js/activeview/current/reach_worklet.html:0
[   13892ms] [ERROR] Attestation check for Shared Storage on https://www.googleadservices.com failed. @ https://www.googleadservices.com/pagead/managed/js/activeview/current/reach_worklet.html:0
[   11458ms] [ERROR] Failed to load resource: net::ERR_HTTP2_SERVER_REFUSED_STREAM @ https://cs.admanmedia.com/2e2cd80ed2c36fa49cf9580703081ade.gif?puid=e935fba3-60fe-4f7a-be3b-185960180ab3&redir=https%3A%2F%2Fms-cookie-sync.presage.io%2Fuser-sync%3Fillumin_id%3D%5BUID%5D%26gdpr%3D0%26gdpr_consent%3Dus_privacy=%7b%7bUS_PRIVACY%7d%7d&gdpr=0&gdpr_consent=us_privacy=%7b%7bUS_PRIVACY%7d%7d:0
[   11964ms] [ERROR] Failed to load resource: the server responded with a status of 404 (Not Found) @ https://b1sync.zemanta.com/usersync/ogury/?gdpr=0&gdpr_consent=us_privacy=%7b%7bUS_PRIVACY%7d%7d&cb=https%3A%2F%2Fms-cookie-sync.presage.io%2Fuser-sync%3Foutbrain_id%3D__ZUID__:0
[   11235ms] [ERROR] Failed to load resource: the server responded with a status of 451 () @ https://idsync.rlcdn.com/420486.gif?partner_uid=2E5B5352-1283-4AE1-AC4C-A6F6F3FE8B14:0
[   14651ms] [ERROR] Failed to load resource: the server responded with a status of 406 () @ https://data.dianomi.com/frontend/usync?redirect=https%3A%2F%2Fdata.dianomi.com%2Ffrontend%2Fping%3Fuid%3D%24UID:0
[   14886ms] [ERROR] Failed to load resource: the server responded with a status of 406 () @ https://data.dianomi.com/frontend/usync?redirect=https%3A%2F%2Fdata.dianomi.com%2Ffrontend%2Fping%3Fuid%3D%24UID:0
[   11235ms] [ERROR] Failed to load resource: the server responded with a status of 451 () @ https://idsync.rlcdn.com/420486.gif?partner_uid=2E5B5352-1283-4AE1-AC4C-A6F6F3FE8B14:0
[    9904ms] [ERROR] Failed to load resource: net::ERR_CONNECTION_CLOSED @ https://csync.loopme.me/?pubid=11227&gdpr=0&gdpr_consent=&redirect=https%3A%2F%2Fssp.api.tappx.com%2Fcs%2Fusync%3Fidmn%3D109%26type%3Diframe%26id%3D%7Bdevice_id%7D%26auxuid%3D:0
[   11911ms] [ERROR] Failed to load resource: net::ERR_NAME_NOT_RESOLVED @ https://usermatch.krxd.net/um/v2?partner=tapad:0
[   11327ms] [ERROR] Failed to load resource: the server responded with a status of 400 () @ https://eb2.3lift.com/getuid?redir=https%3A%2F%2Fsyncingbridge.com%2FuserBackIframe%3Fuid%3D%24UID%26gdpr%3D%7BGDPR%7D%26gdpr_consent%3D%7BGDPR_CONSENT%7D%26p%3D2&gdpr=0&gdpr_consent=:0
[   16997ms] [ERROR] Failed to load resource: the server responded with a status of 400 () @ https://ups.analytics.yahoo.com/ups/58917/cms?uid=2E5B5352-1283-4AE1-AC4C-A6F6F3FE8B14&gpp=&gpp_sid=&us_privacy=1---&gdpr=0&gdpr_consent=us_privacy={{US_PRIVACY}}:0
[   16999ms] [ERROR] Failed to load resource: the server responded with a status of 400 (Bad Request) @ https://match.prod.bidr.io/cookie-sync/pm?gdpr=0&gdpr_consent=us_privacy={{US_PRIVACY}}&us_privacy=1---&gpp=&gpp_sid=:0
[   16997ms] [ERROR] Failed to load resource: the server responded with a status of 400 () @ https://ups.analytics.yahoo.com/ups/58917/cms?uid=2E5B5352-1283-4AE1-AC4C-A6F6F3FE8B14&gpp=&gpp_sid=&us_privacy=1---&gdpr=0&gdpr_consent=us_privacy={{US_PRIVACY}}:0
[   16999ms] [ERROR] Failed to load resource: the server responded with a status of 400 (Bad Request) @ https://match.prod.bidr.io/cookie-sync/pm?gdpr=0&gdpr_consent=us_privacy={{US_PRIVACY}}&us_privacy=1---&gpp=&gpp_sid=:0
[   17009ms] [ERROR] Failed to load resource: the server responded with a status of 400 () @ https://ups.analytics.yahoo.com/ups/58292/sync?_origin=1&uid=2E5B5352-1283-4AE1-AC4C-A6F6F3FE8B14&redir=true&gdpr=0&gdpr_consent=us_privacy={{US_PRIVACY}}&us_privacy=1---&gpp=&gpp_sid=:0
[   17010ms] [ERROR] Failed to load resource: the server responded with a status of 400 (Bad Request) @ https://match.prod.bidr.io/cookie-sync/stv?gdpr=0&gdpr_consent=us_privacy={{US_PRIVACY}}:0
[   16997ms] [ERROR] Failed to load resource: the server responded with a status of 400 () @ https://ups.analytics.yahoo.com/ups/58917/cms?uid=2E5B5352-1283-4AE1-AC4C-A6F6F3FE8B14&gpp=&gpp_sid=&us_privacy=1---&gdpr=0&gdpr_consent=us_privacy={{US_PRIVACY}}:0
[   17009ms] [ERROR] Failed to load resource: the server responded with a status of 400 () @ https://ups.analytics.yahoo.com/ups/58292/sync?_origin=1&uid=2E5B5352-1283-4AE1-AC4C-A6F6F3FE8B14&redir=true&gdpr=0&gdpr_consent=us_privacy={{US_PRIVACY}}&us_privacy=1---&gpp=&gpp_sid=:0
[   17018ms] [ERROR] Failed to load resource: the server responded with a status of 400 () @ https://ups.analytics.yahoo.com/ups/58917/cms?uid=2E5B5352-1283-4AE1-AC4C-A6F6F3FE8B14&gpp=&gpp_sid=&us_privacy=1---&gdpr=0&gdpr_consent=us_privacy={{US_PRIVACY}}:0
[    9529ms] [ERROR] Failed to load resource: the server responded with a status of 451 () @ https://id.rlcdn.com/464246.gif?partner_uid=83feb435-efeb-4033-aedf-8f521b604efc:0
[    9716ms] [ERROR] Failed to load resource: the server responded with a status of 451 () @ https://id.rlcdn.com/464246.gif?partner_uid=83feb435-efeb-4033-aedf-8f521b604efc:0
[   10569ms] [ERROR] Failed to load resource: the server responded with a status of 451 () @ https://id.rlcdn.com/464246.gif?partner_uid=83feb435-efeb-4033-aedf-8f521b604efc:0
[   17275ms] [ERROR] Failed to load resource: the server responded with a status of 451 () @ https://id.rlcdn.com/709996.gif:0
[    9904ms] [ERROR] Failed to load resource: net::ERR_CONNECTION_CLOSED @ https://csync.loopme.me/?pubid=11227&gdpr=0&gdpr_consent=&redirect=https%3A%2F%2Fssp.api.tappx.com%2Fcs%2Fusync%3Fidmn%3D109%26type%3Diframe%26id%3D%7Bdevice_id%7D%26auxuid%3D:0
[   11916ms] [ERROR] Failed to load resource: the server responded with a status of 400 (Bad Request) @ https://dsp.nrich.ai/bidswitch/sync?bidswitch_ssp_id=gumgum2&bsw_custom_parameter=&gdpr=0&gdpr_consent=&gdpr_pd=&us_privacy=:0
[   11235ms] [ERROR] Failed to load resource: the server responded with a status of 451 () @ https://idsync.rlcdn.com/420486.gif?partner_uid=2E5B5352-1283-4AE1-AC4C-A6F6F3FE8B14:0
[    9529ms] [ERROR] Failed to load resource: the server responded with a status of 451 () @ https://id.rlcdn.com/464246.gif?partner_uid=83feb435-efeb-4033-aedf-8f521b604efc:0
[    9716ms] [ERROR] Failed to load resource: the server responded with a status of 451 () @ https://id.rlcdn.com/464246.gif?partner_uid=83feb435-efeb-4033-aedf-8f521b604efc:0
[   10569ms] [ERROR] Failed to load resource: the server responded with a status of 451 () @ https://id.rlcdn.com/464246.gif?partner_uid=83feb435-efeb-4033-aedf-8f521b604efc:0
[   17275ms] [ERROR] Failed to load resource: the server responded with a status of 451 () @ https://id.rlcdn.com/709996.gif:0
[   18070ms] [ERROR] Failed to load resource: net::ERR_SOCKET_NOT_CONNECTED @ https://tracker.rtb-oveeo.com/sync?id=187&uid=9f5195ea-d27b-412a-92d6-bbb2eb819d06:0
[   11901ms] [ERROR] Failed to load resource: the server responded with a status of 400 (Bad Request) @ https://sync.adkernel.com/user-sync?zone=252325&gdpr=0&gdpr_consent=&us_privacy=&t=image&r=https%3A%2F%2Fittpx.eskimi.com%2Fsync%3Fdp_id%3D52%26gdpr%3D0%26gdpr_consent%3D%26us_privacy%3D%26user_id%3D%7BUID%7D:0
[   12750ms] [ERROR] Failed to load resource: the server responded with a status of 400 (Bad Request) @ https://sync.adkernel.com/user-sync?zone=252325&gdpr=0&gdpr_consent=&us_privacy=&t=image&r=https%3A%2F%2Fittpx.eskimi.com%2Fsync%3Fdp_id%3D52%26gdpr%3D0%26gdpr_consent%3D%26us_privacy%3D%26user_id%3D%7BUID%7D:0
[   18070ms] [ERROR] Failed to load resource: net::ERR_SOCKET_NOT_CONNECTED @ https://tracker.rtb-oveeo.com/sync?id=187&uid=9f5195ea-d27b-412a-92d6-bbb2eb819d06:0
[   11235ms] [ERROR] Failed to load resource: the server responded with a status of 451 () @ https://idsync.rlcdn.com/420486.gif?partner_uid=2E5B5352-1283-4AE1-AC4C-A6F6F3FE8B14:0
[    9529ms] [ERROR] Failed to load resource: the server responded with a status of 451 () @ https://id.rlcdn.com/464246.gif?partner_uid=83feb435-efeb-4033-aedf-8f521b604efc:0
[    9716ms] [ERROR] Failed to load resource: the server responded with a status of 451 () @ https://id.rlcdn.com/464246.gif?partner_uid=83feb435-efeb-4033-aedf-8f521b604efc:0
[   10569ms] [ERROR] Failed to load resource: the server responded with a status of 451 () @ https://id.rlcdn.com/464246.gif?partner_uid=83feb435-efeb-4033-aedf-8f521b604efc:0
[   17275ms] [ERROR] Failed to load resource: the server responded with a status of 451 () @ https://id.rlcdn.com/709996.gif:0
[   11901ms] [ERROR] Failed to load resource: the server responded with a status of 400 (Bad Request) @ https://sync.adkernel.com/user-sync?zone=252325&gdpr=0&gdpr_consent=&us_privacy=&t=image&r=https%3A%2F%2Fittpx.eskimi.com%2Fsync%3Fdp_id%3D52%26gdpr%3D0%26gdpr_consent%3D%26us_privacy%3D%26user_id%3D%7BUID%7D:0
[   12750ms] [ERROR] Failed to load resource: the server responded with a status of 400 (Bad Request) @ https://sync.adkernel.com/user-sync?zone=252325&gdpr=0&gdpr_consent=&us_privacy=&t=image&r=https%3A%2F%2Fittpx.eskimi.com%2Fsync%3Fdp_id%3D52%26gdpr%3D0%26gdpr_consent%3D%26us_privacy%3D%26user_id%3D%7BUID%7D:0
[   18070ms] [ERROR] Failed to load resource: net::ERR_SOCKET_NOT_CONNECTED @ https://tracker.rtb-oveeo.com/sync?id=187&uid=9f5195ea-d27b-412a-92d6-bbb2eb819d06:0
[   18655ms] [ERROR] Failed to load resource: the server responded with a status of 500 () @ https://usersync.gumgum.com/usersync?b=sus&i=%%esc%%%%uid%%%%escend%%an.azMCo8GwAAIm9UywAAAAA:0
[   11901ms] [ERROR] Failed to load resource: the server responded with a status of 400 (Bad Request) @ https://sync.adkernel.com/user-sync?zone=252325&gdpr=0&gdpr_consent=&us_privacy=&t=image&r=https%3A%2F%2Fittpx.eskimi.com%2Fsync%3Fdp_id%3D52%26gdpr%3D0%26gdpr_consent%3D%26us_privacy%3D%26user_id%3D%7BUID%7D:0
[   12750ms] [ERROR] Failed to load resource: the server responded with a status of 400 (Bad Request) @ https://sync.adkernel.com/user-sync?zone=252325&gdpr=0&gdpr_consent=&us_privacy=&t=image&r=https%3A%2F%2Fittpx.eskimi.com%2Fsync%3Fdp_id%3D52%26gdpr%3D0%26gdpr_consent%3D%26us_privacy%3D%26user_id%3D%7BUID%7D:0
[   18070ms] [ERROR] Failed to load resource: net::ERR_SOCKET_NOT_CONNECTED @ https://tracker.rtb-oveeo.com/sync?id=187&uid=9f5195ea-d27b-412a-92d6-bbb2eb819d06:0
[   11235ms] [ERROR] Failed to load resource: the server responded with a status of 451 () @ https://idsync.rlcdn.com/420486.gif?partner_uid=2E5B5352-1283-4AE1-AC4C-A6F6F3FE8B14:0
[    9529ms] [ERROR] Failed to load resource: the server responded with a status of 451 () @ https://id.rlcdn.com/464246.gif?partner_uid=83feb435-efeb-4033-aedf-8f521b604efc:0
[    9716ms] [ERROR] Failed to load resource: the server responded with a status of 451 () @ https://id.rlcdn.com/464246.gif?partner_uid=83feb435-efeb-4033-aedf-8f521b604efc:0
[   10569ms] [ERROR] Failed to load resource: the server responded with a status of 451 () @ https://id.rlcdn.com/464246.gif?partner_uid=83feb435-efeb-4033-aedf-8f521b604efc:0
[   17275ms] [ERROR] Failed to load resource: the server responded with a status of 451 () @ https://id.rlcdn.com/709996.gif:0
[    9904ms] [ERROR] Failed to load resource: net::ERR_CONNECTION_CLOSED @ https://csync.loopme.me/?pubid=11227&gdpr=0&gdpr_consent=&redirect=https%3A%2F%2Fssp.api.tappx.com%2Fcs%2Fusync%3Fidmn%3D109%26type%3Diframe%26id%3D%7Bdevice_id%7D%26auxuid%3D:0
[   11916ms] [ERROR] Failed to load resource: the server responded with a status of 400 (Bad Request) @ https://dsp.nrich.ai/bidswitch/sync?bidswitch_ssp_id=gumgum2&bsw_custom_parameter=&gdpr=0&gdpr_consent=&gdpr_pd=&us_privacy=:0
[   18655ms] [ERROR] Failed to load resource: the server responded with a status of 500 () @ https://usersync.gumgum.com/usersync?b=sus&i=%%esc%%%%uid%%%%escend%%an.azMCo8GwAAIm9UywAAAAA:0
[   20442ms] [ERROR] Failed to load resource: the server responded with a status of 404 () @ https://id5-sync.com/k/155.gif?puid=AAFiG07U_zYAAAGUBRHqfQ&id5AccountNum=155&numCascadesAllowed=9&gdpr=0:0
[   20455ms] [ERROR] Failed to load resource: the server responded with a status of 406 () @ https://data.dianomi.com/frontend/usync?redirect=https%3A%2F%2Fdata.dianomi.com%2Ffrontend%2Fping%3Fuid%3D%24UID:0
[   20442ms] [ERROR] Failed to load resource: the server responded with a status of 404 () @ https://id5-sync.com/k/155.gif?puid=AAFiG07U_zYAAAGUBRHqfQ&id5AccountNum=155&numCascadesAllowed=9&gdpr=0:0
[   20962ms] [ERROR] Failed to load resource: net::ERR_TOO_MANY_REDIRECTS @ https://id5-sync.com/k/285.gif?puid=MSTJDVPB-28-HAH4&gdpr=0:0
[   21294ms] [ERROR] Mixed Content: The page at 'https://www.scmp.com/news/us/diplomacy/article/3364118/chinese-drone-maker-dji-gets-another-shot-pentagon-blacklist-removal?utm_source=rss_feed' was loaded over HTTPS, but requested an insecure frame 'http://sync.pmbmonetize.live/psync?t=s&e=247&gdpr=0&gdpr_consent=&us_privacy=&gpp=&gpp_sid=&cb=https%3A%2F%2Fcookies.nextmillmedia.com%2Fsetuid%3Fbidder%3Dadipolo%26nmuid%3D%26gdpr%3D0%26gdpr_consent%3D%26us_privacy%3D%26uid%3D%25USER_ID%25'. This request has been blocked; the content must be served over HTTPS. @ https://cookies.nextmillmedia.com/sync?gdpr=0&gdpr_consent=&us_privacy=&redirect=https%3A%2F%2Fsync.cootlogix.com%2Fapi%2Fcookie%3FpartnerId%3Dnextmillmedia%26userId%3D%5BNMUID%5D%26gdpr%3D0%26gdpr_consent%3D%26us_privacy%3D:42
[   21324ms] [ERROR] Failed to load resource: the server responded with a status of 404 () @ https://id5-sync.com/k/285.gif?puid=MSTJDVPB-28-HAH4&gdpr=0:0
[   20442ms] [ERROR] Failed to load resource: the server responded with a status of 404 () @ https://id5-sync.com/k/155.gif?puid=AAFiG07U_zYAAAGUBRHqfQ&id5AccountNum=155&numCascadesAllowed=9&gdpr=0:0
[   22848ms] [ERROR] Failed to load resource: net::ERR_NAME_NOT_RESOLVED @ https://cs.iqzone.com/6f0476ca45e1d6b67e3ee8d57532a022.gif?redir=https%3A%2F%2Fsync.cootlogix.com%2Fapi%2Fcookie%3FpartnerId%3Diqzone%26gdpr%3D0%26gdpr_consent%3D%26us_privacy%3D%26userId%3D%5BUID%5D&gdpr=0&gdpr_consent=&ccpa=:0
[   11911ms] [ERROR] Failed to load resource: net::ERR_NAME_NOT_RESOLVED @ https://usermatch.krxd.net/um/v2?partner=tapad:0
[   23474ms] [ERROR] Failed to load resource: net::ERR_SOCKET_NOT_CONNECTED @ https://tracker.rtb-oveeo.com/sync?id=187&uid=9f5195ea-d27b-412a-92d6-bbb2eb819d06:0
[   24226ms] [ERROR] Failed to load resource: net::ERR_CERT_COMMON_NAME_INVALID @ https://cs.openwebmedia.org/cs?aid=40017&id=RX-46c3b07a-12c9-4669-97e2-d2bc89764c32-005:0
[   24226ms] [ERROR] Failed to load resource: net::ERR_CERT_COMMON_NAME_INVALID @ https://cs.openwebmedia.org/cs?aid=40017&id=RX-46c3b07a-12c9-4669-97e2-d2bc89764c32-005:0
[   24554ms] [ERROR] Failed to load resource: the server responded with a status of 404 () @ https://cs.admanmedia.com/292deb7c3c2bf25073c04bb900f3a44a.gif??gdpr=0&gdpr_consent=&us_privacy=&redir=https%3A%2F%2Fcookies.nextmillmedia.com%2Fsetuid%3Fbidder%3Dadmanmedia%26nmuid%3D%26gdpr%3D0%26gdpr_consent%3D%26us_privacy%3D%26uid%3D%5BUID%5D:0
[   24653ms] [ERROR] Failed to load resource: net::ERR_SOCKET_NOT_CONNECTED @ https://px-us-e.floxis.tech/sync?seat=gXu5&user_id=4214e4ad50&gdpr=0&gdpr_consent=:0
[   24803ms] [ERROR] Failed to load resource: the server responded with a status of 404 (Not Found) @ https://us4.shb-sync.com/a760a5a7-e35e-49b8-9f5e-723455346741.gif?puid=a5950585-4d15-e0f1-ea00-8a9cf48d0fce&gdpr=0&gdpr_consent=0ccpa=:0
[   24226ms] [ERROR] Failed to load resource: net::ERR_CERT_COMMON_NAME_INVALID @ https://cs.openwebmedia.org/cs?aid=40017&id=RX-46c3b07a-12c9-4669-97e2-d2bc89764c32-005:0
[   21294ms] [ERROR] Mixed Content: The page at 'https://www.scmp.com/news/us/diplomacy/article/3364118/chinese-drone-maker-dji-gets-another-shot-pentagon-blacklist-removal?utm_source=rss_feed' was loaded over HTTPS, but requested an insecure frame 'http://sync.pmbmonetize.live/psync?t=s&e=247&gdpr=0&gdpr_consent=&us_privacy=&gpp=&gpp_sid=&cb=https%3A%2F%2Fcookies.nextmillmedia.com%2Fsetuid%3Fbidder%3Dadipolo%26nmuid%3D%26gdpr%3D0%26gdpr_consent%3D%26us_privacy%3D%26uid%3D%25USER_ID%25'. This request has been blocked; the content must be served over HTTPS. @ https://cookies.nextmillmedia.com/sync?gdpr=0&gdpr_consent=&us_privacy=&redirect=https%3A%2F%2Fsync.cootlogix.com%2Fapi%2Fcookie%3FpartnerId%3Dnextmillmedia%26userId%3D%5BNMUID%5D%26gdpr%3D0%26gdpr_consent%3D%26us_privacy%3D:42
[   11235ms] [ERROR] Failed to load resource: the server responded with a status of 451 () @ https://idsync.rlcdn.com/420486.gif?partner_uid=2E5B5352-1283-4AE1-AC4C-A6F6F3FE8B14:0
[    9529ms] [ERROR] Failed to load resource: the server responded with a status of 451 () @ https://id.rlcdn.com/464246.gif?partner_uid=83feb435-efeb-4033-aedf-8f521b604efc:0
[    9716ms] [ERROR] Failed to load resource: the server responded with a status of 451 () @ https://id.rlcdn.com/464246.gif?partner_uid=83feb435-efeb-4033-aedf-8f521b604efc:0
[   10569ms] [ERROR] Failed to load resource: the server responded with a status of 451 () @ https://id.rlcdn.com/464246.gif?partner_uid=83feb435-efeb-4033-aedf-8f521b604efc:0
[   17275ms] [ERROR] Failed to load resource: the server responded with a status of 451 () @ https://id.rlcdn.com/709996.gif:0
[   25594ms] [ERROR] Failed to load resource: net::ERR_NAME_NOT_RESOLVED @ https://px.owneriq.net/eox:0
[   24653ms] [ERROR] Failed to load resource: net::ERR_SOCKET_NOT_CONNECTED @ https://px-us-e.floxis.tech/sync?seat=gXu5&user_id=4214e4ad50&gdpr=0&gdpr_consent=:0
[   25853ms] [ERROR] Failed to load resource: the server responded with a status of 404 () @ https://d6adf8ba01b41e083468e771038b5dbf.safeframe.googlesyndication.com/cdn-cgi/challenge-platform/scripts/jsd/main.js:0
[   25853ms] [ERROR] Refused to execute script from 'https://d6adf8ba01b41e083468e771038b5dbf.safeframe.googlesyndication.com/cdn-cgi/challenge-platform/scripts/jsd/main.js' because its MIME type ('text/html') is not executable, and strict MIME type checking is enabled. @ about:blank:0
[    9529ms] [ERROR] Failed to load resource: the server responded with a status of 451 () @ https://id.rlcdn.com/464246.gif?partner_uid=83feb435-efeb-4033-aedf-8f521b604efc:0
[    9716ms] [ERROR] Failed to load resource: the server responded with a status of 451 () @ https://id.rlcdn.com/464246.gif?partner_uid=83feb435-efeb-4033-aedf-8f521b604efc:0
[   10569ms] [ERROR] Failed to load resource: the server responded with a status of 451 () @ https://id.rlcdn.com/464246.gif?partner_uid=83feb435-efeb-4033-aedf-8f521b604efc:0
[   17275ms] [ERROR] Failed to load resource: the server responded with a status of 451 () @ https://id.rlcdn.com/709996.gif:0
[   25594ms] [ERROR] Failed to load resource: net::ERR_NAME_NOT_RESOLVED @ https://px.owneriq.net/eox:0
[    9529ms] [ERROR] Failed to load resource: the server responded with a status of 451 () @ https://id.rlcdn.com/464246.gif?partner_uid=83feb435-efeb-4033-aedf-8f521b604efc:0
[    9716ms] [ERROR] Failed to load resource: the server responded with a status of 451 () @ https://id.rlcdn.com/464246.gif?partner_uid=83feb435-efeb-4033-aedf-8f521b604efc:0
[   10569ms] [ERROR] Failed to load resource: the server responded with a status of 451 () @ https://id.rlcdn.com/464246.gif?partner_uid=83feb435-efeb-4033-aedf-8f521b604efc:0
[   17275ms] [ERROR] Failed to load resource: the server responded with a status of 451 () @ https://id.rlcdn.com/709996.gif:0
[   25594ms] [ERROR] Failed to load resource: net::ERR_NAME_NOT_RESOLVED @ https://px.owneriq.net/eox:0
[   11235ms] [ERROR] Failed to load resource: the server responded with a status of 451 () @ https://idsync.rlcdn.com/420486.gif?partner_uid=2E5B5352-1283-4AE1-AC4C-A6F6F3FE8B14:0
[    9529ms] [ERROR] Failed to load resource: the server responded with a status of 451 () @ https://id.rlcdn.com/464246.gif?partner_uid=83feb435-efeb-4033-aedf-8f521b604efc:0
[    9716ms] [ERROR] Failed to load resource: the server responded with a status of 451 () @ https://id.rlcdn.com/464246.gif?partner_uid=83feb435-efeb-4033-aedf-8f521b604efc:0
[   10569ms] [ERROR] Failed to load resource: the server responded with a status of 451 () @ https://id.rlcdn.com/464246.gif?partner_uid=83feb435-efeb-4033-aedf-8f521b604efc:0
[   17275ms] [ERROR] Failed to load resource: the server responded with a status of 451 () @ https://id.rlcdn.com/709996.gif:0
[   25594ms] [ERROR] Failed to load resource: net::ERR_NAME_NOT_RESOLVED @ https://px.owneriq.net/eox:0
[   26795ms] [ERROR] Failed to load resource: the server responded with a status of 404 () @ https://d6adf8ba01b41e083468e771038b5dbf.safeframe.googlesyndication.com/cdn-cgi/challenge-platform/scripts/jsd/main.js:0
[   26795ms] [ERROR] Refused to execute script from 'https://d6adf8ba01b41e083468e771038b5dbf.safeframe.googlesyndication.com/cdn-cgi/challenge-platform/scripts/jsd/main.js' because its MIME type ('text/html') is not executable, and strict MIME type checking is enabled. @ about:blank:0
[   27041ms] [ERROR] Failed to load resource: the server responded with a status of 404 () @ https://d6adf8ba01b41e083468e771038b5dbf.safeframe.googlesyndication.com/cdn-cgi/challenge-platform/scripts/jsd/main.js:0
[   27042ms] [ERROR] Refused to execute script from 'https://d6adf8ba01b41e083468e771038b5dbf.safeframe.googlesyndication.com/cdn-cgi/challenge-platform/scripts/jsd/main.js' because its MIME type ('text/html') is not executable, and strict MIME type checking is enabled. @ about:blank:0
[   28855ms] [WARNING] The resource https://www.dianomi.com/img/a/pss/5318/6.css was preloaded using link preload but not used within a few seconds from the window's load event. Please make sure it has an appropriate `as` value and it is preloaded intentionally. @ https://d6adf8ba01b41e083468e771038b5dbf.safeframe.googlesyndication.com/safeframe/1-0-45/html/container.html:0
[   30063ms] [WARNING] The resource https://www.dianomi.com/img/a/pss/4234/20.css was preloaded using link preload but not used within a few seconds from the window's load event. Please make sure it has an appropriate `as` value and it is preloaded intentionally. @ https://d6adf8ba01b41e083468e771038b5dbf.safeframe.googlesyndication.com/safeframe/1-0-45/html/container.html:0
[   11916ms] [ERROR] Failed to load resource: the server responded with a status of 400 (Bad Request) @ https://dsp.nrich.ai/bidswitch/sync?bidswitch_ssp_id=gumgum2&bsw_custom_parameter=&gdpr=0&gdpr_consent=&gdpr_pd=&us_privacy=:0
[   18655ms] [ERROR] Failed to load resource: the server responded with a status of 500 () @ https://usersync.gumgum.com/usersync?b=sus&i=%%esc%%%%uid%%%%escend%%an.azMCo8GwAAIm9UywAAAAA:0
[   11235ms] [ERROR] Failed to load resource: the server responded with a status of 451 () @ https://idsync.rlcdn.com/420486.gif?partner_uid=2E5B5352-1283-4AE1-AC4C-A6F6F3FE8B14:0
[   11458ms] [ERROR] Failed to load resource: net::ERR_HTTP2_SERVER_REFUSED_STREAM @ https://cs.admanmedia.com/2e2cd80ed2c36fa49cf9580703081ade.gif?puid=e935fba3-60fe-4f7a-be3b-185960180ab3&redir=https%3A%2F%2Fms-cookie-sync.presage.io%2Fuser-sync%3Fillumin_id%3D%5BUID%5D%26gdpr%3D0%26gdpr_consent%3Dus_privacy=%7b%7bUS_PRIVACY%7d%7d&gdpr=0&gdpr_consent=us_privacy=%7b%7bUS_PRIVACY%7d%7d:0
[   11964ms] [ERROR] Failed to load resource: the server responded with a status of 404 (Not Found) @ https://b1sync.zemanta.com/usersync/ogury/?gdpr=0&gdpr_consent=us_privacy=%7b%7bUS_PRIVACY%7d%7d&cb=https%3A%2F%2Fms-cookie-sync.presage.io%2Fuser-sync%3Foutbrain_id%3D__ZUID__:0
[   43030ms] [LOG] [Lighthouse] this is your VID: ilHzGMkEO_6g4SR0fVKn_ @ https://assets-v2.i-scmp.com/production/_next/static/chunks/main-1a464cb99f861ecc.js:6
[    9904ms] [ERROR] Failed to load resource: net::ERR_CONNECTION_CLOSED @ https://csync.loopme.me/?pubid=11227&gdpr=0&gdpr_consent=&redirect=https%3A%2F%2Fssp.api.tappx.com%2Fcs%2Fusync%3Fidmn%3D109%26type%3Diframe%26id%3D%7Bdevice_id%7D%26auxuid%3D:0
[   43518ms] [LOG] {lh2_topic: Array(10)} @ https://assets-v2.i-scmp.com/production/_next/static/chunks/main-1a464cb99f861ecc.js:6
[   43528ms] [WARNING] [GPT] PubAdsService.setTargeting is deprecated, use googletag.setConfig({targeting: ...}) instead.
https://goo.gle/gpt-message#170 @ https://assets-v2.i-scmp.com/production/_next/static/chunks/main-1a464cb99f861ecc.js:6
[   44206ms] [ERROR] Not signed in with the identity provider. @ https://www.scmp.com/news/us/diplomacy/article/3364118/chinese-drone-maker-dji-gets-another-shot-pentagon-blacklist-removal?utm_source=rss_feed:0
[    9904ms] [ERROR] Failed to load resource: net::ERR_CONNECTION_CLOSED @ https://csync.loopme.me/?pubid=11227&gdpr=0&gdpr_consent=&redirect=https%3A%2F%2Fssp.api.tappx.com%2Fcs%2Fusync%3Fidmn%3D109%26type%3Diframe%26id%3D%7Bdevice_id%7D%26auxuid%3D:0
[   11916ms] [ERROR] Failed to load resource: the server responded with a status of 400 (Bad Request) @ https://dsp.nrich.ai/bidswitch/sync?bidswitch_ssp_id=gumgum2&bsw_custom_parameter=&gdpr=0&gdpr_consent=&gdpr_pd=&us_privacy=:0
[   18655ms] [ERROR] Failed to load resource: the server responded with a status of 500 () @ https://usersync.gumgum.com/usersync?b=sus&i=%%esc%%%%uid%%%%escend%%an.azMCo8GwAAIm9UywAAAAA:0
[   49011ms] [ERROR] [GSI_LOGGER]: FedCM get() rejects with NetworkError: Error retrieving a token. @ https://assets-v2.i-scmp.com/production/_next/static/chunks/main-1a464cb99f861ecc.js:6
