#81 [GET] http://localhost:3001/v1/api/medicos?ativo=true&especialidade=Neurologia

  General
    status:    [200] OK
    duration:  20ms
    type:      xhr
    mimeType:  application/json

  Request headers
    accept: application/json, text/plain, */*
    authorization: Bearer eyJhbGciOiJIUzUxMiJ9.eyJqdGkiOiI2ZTJkYjM4YS0yMWNmLTQ0MDMtYThiYi1iNTE5MmJkY2Y3M2YiLCJzdWIiOiI3ZmY3NzcxZi1jYTQ1LTRjYzQtODNiYS1lNTNiMDA3MDljMTAiLCJlbWFpbCI6ImVkdWFyZGFzaWx2YUBnbWFpbC5jb20iLCJub21lIjoiZWR1YXJkYSBzaWx2YSIsInBlcmZpbCI6Ik1FRElDTyIsInJlZmVyZW5jaWFJZCI6IjZmMzY2ODc1LTMyNmQtNDJhNi1hNWQ4LTdhMTliOWFiNmFkNCIsInJvbGVzIjpbIk1FRElDTyJdLCJwZXJtaXNzaW9ucyI6WyJhZ2VuZGFtZW50bzpyZWFkIiwic2VydmljbzpyZWFkIiwiYWdlbmRhbWVudG86c3RhdHVzIiwicGFjaWVudGU6cmVhZCIsImFnZW5kYW1lbnRvOndyaXRlIiwiYWdlbmRhOndyaXRlIiwiYWdlbmRhOnJlYWQiXSwiaWF0IjoxNzg3MDI0OTQyLCJleHAiOjE3ODcwMjU4NDJ9.U28tq1loMhQKDCICo3VQGZv8RqPT86eiEUE9a09ys69wflUKTxAIJ9BxCXCv0CZQ-zPVwAbyEJ0OBTBQXM0udQ
    referer: http://localhost:3001/medicos
    user-agent: Mozilla/5.0 (Windows NT 10.0; Win64; x64) AppleWebKit/537.36 (KHTML, like Gecko) Chrome/151.0.0.0 Safari/537.36
    sec-ch-ua: "Not=A?Brand";v="99", "Google Chrome";v="151", "Chromium";v="151"
    sec-ch-ua-mobile: ?0
    sec-ch-ua-platform: "Windows"

  Response headers
    vary: Origin
    cache-control: no-cache, no-store, max-age=0, must-revalidate
    connection: close
    content-type: application/json
    date: Tue, 18 Aug 2026 03:49:51 GMT
    expires: 0
    pragma: no-cache
    transfer-encoding: chunked
    x-content-type-options: nosniff
    x-frame-options: DENY
    x-xss-protection: 0

Call browser_network_request with part="response-body" to read the response body.